Component: ARM Compiler 6.14.1 Tool: armlink [5db06d00]

==============================================================================

Section Cross References

    main.o(.text.SysTick_Handler) refers to scheduler.o(.text.Scheduler_update) for Scheduler_update
    main.o(.ARM.exidx.text.SysTick_Handler) refers to main.o(.text.SysTick_Handler) for [Anonymous Symbol]
    main.o(.ARM.exidx.text.main) refers to main.o(.text.main) for [Anonymous Symbol]
    main.o(.text.serverTask) refers to rcc.o(.text.Rcc_enableClock) for Rcc_enableClock
    main.o(.text.serverTask) refers to afio.o(.text.Afio_disableJTAG) for Afio_disableJTAG
    main.o(.text.serverTask) refers to schedulerconfig.o(.text.Scheduler_delaySoftwareUs) for Scheduler_delaySoftwareUs
    main.o(.text.serverTask) refers to led.o(.text.Led_setGpio) for Led_setGpio
    main.o(.text.serverTask) refers to led.o(.text.Led_init) for Led_init
    main.o(.text.serverTask) refers to ledtask.o(.text.LedTask_init) for LedTask_init
    main.o(.text.serverTask) refers to nrf.o(.text.Nrf_setGpioCe) for Nrf_setGpioCe
    main.o(.text.serverTask) refers to nrf.o(.text.Nrf_setGpioCsn) for Nrf_setGpioCsn
    main.o(.text.serverTask) refers to nrf.o(.text.Nrf_setGpioSpi) for Nrf_setGpioSpi
    main.o(.text.serverTask) refers to nrf.o(.text.Nrf_setSpi) for Nrf_setSpi
    main.o(.text.serverTask) refers to nrf.o(.text.Nrf_init) for Nrf_init
    main.o(.text.serverTask) refers to nrftask.o(.text.NrfTaskSlave_setNodeNumber) for NrfTaskSlave_setNodeNumber
    main.o(.text.serverTask) refers to nrftask.o(.text.NrfTaskMaster_init) for NrfTaskMaster_init
    main.o(.text.serverTask) refers to scheduler.o(.text.Scheduler_init) for Scheduler_init
    main.o(.text.serverTask) refers to ledtask.o(.text.LedTask_update) for LedTask_update
    main.o(.text.serverTask) refers to scheduler.o(.text.Scheduler_addTask) for Scheduler_addTask
    main.o(.text.serverTask) refers to nrftask.o(.text.NrfTaskMaster_update) for NrfTaskMaster_update
    main.o(.text.serverTask) refers to scheduler.o(.text.Scheduler_start) for Scheduler_start
    main.o(.text.serverTask) refers to scheduler.o(.text.Scheduler_dispatchTasks) for Scheduler_dispatchTasks
    main.o(.ARM.exidx.text.serverTask) refers to main.o(.text.serverTask) for [Anonymous Symbol]
    main.o(.text.station1Task) refers to rcc.o(.text.Rcc_enableClock) for Rcc_enableClock
    main.o(.text.station1Task) refers to afio.o(.text.Afio_disableJTAG) for Afio_disableJTAG
    main.o(.text.station1Task) refers to schedulerconfig.o(.text.Scheduler_delaySoftwareUs) for Scheduler_delaySoftwareUs
    main.o(.text.station1Task) refers to led.o(.text.Led_setGpio) for Led_setGpio
    main.o(.text.station1Task) refers to led.o(.text.Led_init) for Led_init
    main.o(.text.station1Task) refers to ledtask.o(.text.LedTask_init) for LedTask_init
    main.o(.text.station1Task) refers to nrf.o(.text.Nrf_setGpioCe) for Nrf_setGpioCe
    main.o(.text.station1Task) refers to nrf.o(.text.Nrf_setGpioCsn) for Nrf_setGpioCsn
    main.o(.text.station1Task) refers to nrf.o(.text.Nrf_setGpioSpi) for Nrf_setGpioSpi
    main.o(.text.station1Task) refers to nrf.o(.text.Nrf_setSpi) for Nrf_setSpi
    main.o(.text.station1Task) refers to nrf.o(.text.Nrf_init) for Nrf_init
    main.o(.text.station1Task) refers to nrftask.o(.text.NrfTaskSlave_setNodeNumber) for NrfTaskSlave_setNodeNumber
    main.o(.text.station1Task) refers to nrftask.o(.text.NrfTaskSlave_init) for NrfTaskSlave_init
    main.o(.text.station1Task) refers to infrared.o(.text.Infrared_setGpio) for Infrared_setGpio
    main.o(.text.station1Task) refers to infrared.o(.text.Infrared_init) for Infrared_init
    main.o(.text.station1Task) refers to infraredtask.o(.text.InfraredTask_init) for InfraredTask_init
    main.o(.text.station1Task) refers to lcd.o(.text.Lcd_setGpioRs) for Lcd_setGpioRs
    main.o(.text.station1Task) refers to lcd.o(.text.Lcd_setGpioE) for Lcd_setGpioE
    main.o(.text.station1Task) refers to lcd.o(.text.Lcd_setGpioD0) for Lcd_setGpioD0
    main.o(.text.station1Task) refers to lcd.o(.text.Lcd_init) for Lcd_init
    main.o(.text.station1Task) refers to lcdtask.o(.text.LcdTask_init) for LcdTask_init
    main.o(.text.station1Task) refers to station.o(.text.StationTask_setNodeNumber) for StationTask_setNodeNumber
    main.o(.text.station1Task) refers to station.o(.text.StationTask_init) for StationTask_init
    main.o(.text.station1Task) refers to scheduler.o(.text.Scheduler_init) for Scheduler_init
    main.o(.text.station1Task) refers to ledtask.o(.text.LedTask_update) for LedTask_update
    main.o(.text.station1Task) refers to scheduler.o(.text.Scheduler_addTask) for Scheduler_addTask
    main.o(.text.station1Task) refers to infraredtask.o(.text.InfraredTask_update) for InfraredTask_update
    main.o(.text.station1Task) refers to station.o(.text.StationTask_update) for StationTask_update
    main.o(.text.station1Task) refers to lcdtask.o(.text.LcdTask_update) for LcdTask_update
[...]
    nrf.o(.text.Nrf_openReadingPipe2) refers to nrf.o(.text.Nrf_writeByte) for Nrf_writeByte
    nrf.o(.ARM.exidx.text.Nrf_openReadingPipe2) refers to nrf.o(.text.Nrf_openReadingPipe2) for [Anonymous Symbol]
    nrf.o(.text.Nrf_openReadingPipe3) refers to nrf.o(.text.Nrf_writeByte) for Nrf_writeByte
    nrf.o(.ARM.exidx.text.Nrf_openReadingPipe3) refers to nrf.o(.text.Nrf_openReadingPipe3) for [Anonymous Symbol]
    nrf.o(.text.Nrf_openReadingPipe4) refers to nrf.o(.text.Nrf_writeByte) for Nrf_writeByte
    nrf.o(.ARM.exidx.text.Nrf_openReadingPipe4) refers to nrf.o(.text.Nrf_openReadingPipe4) for [Anonymous Symbol]
    nrf.o(.text.Nrf_openReadingPipe5) refers to nrf.o(.text.Nrf_writeByte) for Nrf_writeByte
    nrf.o(.ARM.exidx.text.Nrf_openReadingPipe5) refers to nrf.o(.text.Nrf_openReadingPipe5) for [Anonymous Symbol]
    nrftask.o(.text.NrfTaskMaster_init) refers to nrf.o(.text.Nrf_init) for Nrf_init
    nrftask.o(.text.NrfTaskMaster_init) refers to nrftask.o(.bss.nrfTaskMaster) for nrfTaskMaster
    nrftask.o(.text.NrfTaskMaster_init) refers to nrftask.o(.text.NrfTaskMaster_clearTxBuffer) for NrfTaskMaster_clearTxBuffer
    nrftask.o(.text.NrfTaskMaster_init) refers to nrftask.o(.text.NrfTaskMaster_clearRxBuffer) for NrfTaskMaster_clearRxBuffer
    nrftask.o(.text.NrfTaskMaster_init) refers to nrf.o(.text.Nrf_openWritingPipe) for Nrf_openWritingPipe
    nrftask.o(.text.NrfTaskMaster_init) refers to nrf.o(.text.Nrf_startTxMode) for Nrf_startTxMode
    nrftask.o(.ARM.exidx.text.NrfTaskMaster_init) refers to nrftask.o(.text.NrfTaskMaster_init) for [Anonymous Symbol]
    nrftask.o(.text.NrfTaskMaster_clearTxBuffer) refers to nrftask.o(.bss.nrfTaskMaster) for nrfTaskMaster
    nrftask.o(.ARM.exidx.text.NrfTaskMaster_clearTxBuffer) refers to nrftask.o(.text.NrfTaskMaster_clearTxBuffer) for [Anonymous Symbol]
    nrftask.o(.text.NrfTaskMaster_clearRxBuffer) refers to nrftask.o(.bss.nrfTaskMaster) for nrfTaskMaster
    nrftask.o(.ARM.exidx.text.NrfTaskMaster_clearRxBuffer) refers to nrftask.o(.text.NrfTaskMaster_clearRxBuffer) for [Anonymous Symbol]
    nrftask.o(.text.NrfTaskMaster_setNodeNumber) refers to nrftask.o(.bss.nrfTaskMaster) for nrfTaskMaster
    nrftask.o(.ARM.exidx.text.NrfTaskMaster_setNodeNumber) refers to nrftask.o(.text.NrfTaskMaster_setNodeNumber) for [Anonymous Symbol]
    nrftask.o(.text.NrfTaskMaster_update) refers to nrftask.o(.bss.nrfTaskMaster) for nrfTaskMaster
    nrftask.o(.text.NrfTaskMaster_update) refers to nrf.o(.text.Nrf_openWritingPipe) for Nrf_openWritingPipe
    nrftask.o(.text.NrfTaskMaster_update) refers to nrf.o(.text.Nrf_startTxMode) for Nrf_startTxMode
    nrftask.o(.text.NrfTaskMaster_update) refers to nrf.o(.text.Nrf_transmit) for Nrf_transmit
    nrftask.o(.text.NrfTaskMaster_update) refers to nrf.o(.text.Nrf_checkTxFlag) for Nrf_checkTxFlag
    nrftask.o(.text.NrfTaskMaster_update) refers to nrf.o(.text.Nrf_startRxMode) for Nrf_startRxMode
    nrftask.o(.text.NrfTaskMaster_update) refers to nrf.o(.text.Nrf_checkRxFlag) for Nrf_checkRxFlag
    nrftask.o(.text.NrfTaskMaster_update) refers to nrf.o(.text.Nrf_receive) for Nrf_receive
    nrftask.o(.text.NrfTaskMaster_update) refers to nrf.o(.text.Nrf_stopRxMode) for Nrf_stopRxMode
    nrftask.o(.text.NrfTaskMaster_update) refers to ledtask.o(.text.LedTask_setState) for LedTask_setState
    nrftask.o(.ARM.exidx.text.NrfTaskMaster_update) refers to nrftask.o(.text.NrfTaskMaster_update) for [Anonymous Symbol]
    nrftask.o(.text.NrfTaskSlave_init) refers to nrf.o(.text.Nrf_init) for Nrf_init
    nrftask.o(.text.NrfTaskSlave_init) refers to nrftask.o(.bss.nrfTaskSlave) for nrfTaskSlave
    nrftask.o(.text.NrfTaskSlave_init) refers to nrftask.o(.text.NrfTaskSlave_clearTxBuffer) for NrfTaskSlave_clearTxBuffer
    nrftask.o(.text.NrfTaskSlave_init) refers to nrftask.o(.text.NrfTaskSlave_clearRxBuffer) for NrfTaskSlave_clearRxBuffer
    nrftask.o(.text.NrfTaskSlave_init) refers to nrf.o(.text.Nrf_openWritingPipe) for Nrf_openWritingPipe
    nrftask.o(.ARM.exidx.text.NrfTaskSlave_init) refers to nrftask.o(.text.NrfTaskSlave_init) for [Anonymous Symbol]
    nrftask.o(.text.NrfTaskSlave_clearTxBuffer) refers to nrftask.o(.bss.nrfTaskSlave) for nrfTaskSlave
    nrftask.o(.ARM.exidx.text.NrfTaskSlave_clearTxBuffer) refers to nrftask.o(.text.NrfTaskSlave_clearTxBuffer) for [Anonymous Symbol]
    nrftask.o(.text.NrfTaskSlave_clearRxBuffer) refers to nrftask.o(.bss.nrfTaskSlave) for nrfTaskSlave
    nrftask.o(.ARM.exidx.text.NrfTaskSlave_clearRxBuffer) refers to nrftask.o(.text.NrfTaskSlave_clearRxBuffer) for [Anonymous Symbol]
    nrftask.o(.text.NrfTaskSlave_setNodeNumber) refers to nrftask.o(.bss.nrfTaskSlave) for nrfTaskSlave
    nrftask.o(.ARM.exidx.text.NrfTaskSlave_setNodeNumber) refers to nrftask.o(.text.NrfTaskSlave_setNodeNumber) for [Anonymous Symbol]
    nrftask.o(.text.NrfTaskSlave_setBuffer) refers to nrftask.o(.bss.nrfTaskSlave) for nrfTaskSlave
    nrftask.o(.ARM.exidx.text.NrfTaskSlave_setBuffer) refers to nrftask.o(.text.NrfTaskSlave_setBuffer) for [Anonymous Symbol]
    nrftask.o(.text.NrfTaskSlave_getBuffer) refers to nrftask.o(.bss.nrfTaskSlave) for nrfTaskSlave
    nrftask.o(.ARM.exidx.text.NrfTaskSlave_getBuffer) refers to nrftask.o(.text.NrfTaskSlave_getBuffer) for [Anonymous Symbol]
    nrftask.o(.text.NrfTaskSlave_update) refers to nrftask.o(.bss.nrfTaskSlave) for nrfTaskSlave
    nrftask.o(.text.NrfTaskSlave_update) refers to nrf.o(.text.Nrf_checkRxFlag) for Nrf_checkRxFlag
    nrftask.o(.text.NrfTaskSlave_update) refers to nrf.o(.text.Nrf_receive) for Nrf_receive
    nrftask.o(.text.NrfTaskSlave_update) refers to nrf.o(.text.Nrf_stopRxMode) for Nrf_stopRxMode
    nrftask.o(.text.NrfTaskSlave_update) refers to nrf.o(.text.Nrf_startTxMode) for Nrf_startTxMode
    nrftask.o(.text.NrfTaskSlave_update) refers to nrf.o(.text.Nrf_transmit) for Nrf_transmit
    nrftask.o(.text.NrfTaskSlave_update) refers to nrf.o(.text.Nrf_checkTxFlag) for Nrf_checkTxFlag
    nrftask.o(.text.NrfTaskSlave_update) refers to nrf.o(.text.Nrf_startRxMode) for Nrf_startRxMode
    nrftask.o(.text.NrfTaskSlave_update) refers to nrf.o(.text.Nrf_openWritingPipe) for Nrf_openWritingPipe
    nrftask.o(.text.NrfTaskSlave_update) refers to nrftask.o(.text.NrfTaskSlave_clearTxBuffer) for NrfTaskSlave_clearTxBuffer
    nrftask.o(.text.NrfTaskSlave_update) refers to nrftask.o(.text.NrfTaskSlave_clearRxBuffer) for NrfTaskSlave_clearRxBuffer
    nrftask.o(.text.NrfTaskSlave_update) refers to nrf.o(.text.Nrf_init) for Nrf_init
    nrftask.o(.ARM.exidx.text.NrfTaskSlave_update) refers to nrftask.o(.text.NrfTaskSlave_update) for [Anonymous Symbol]
    encoder.o(.text.Encoder_init) refers to encoder.o(.bss.encoder) for encoder
    encoder.o(.text.Encoder_init) refers to gpio.o(.text.Gpio_initPin) for Gpio_initPin
    encoder.o(.text.Encoder_init) refers to timer.o(.text.Timer_initCounter) for Timer_initCounter
    encoder.o(.ARM.exidx.text.Encoder_init) refers to encoder.o(.text.Encoder_init) for [Anonymous Symbol]
    encoder.o(.text.Encoder_getSpeed) refers to encoder.o(.bss.encoder) for encoder
    encoder.o(.text.Encoder_getSpeed) refers to timer.o(.text.Timer_getCounterValue) for Timer_getCounterValue
    encoder.o(.ARM.exidx.text.Encoder_getSpeed) refers to encoder.o(.text.Encoder_getSpeed) for [Anonymous Symbol]
    encoder.o(.text.Encoder_reset) refers to encoder.o(.bss.encoder) for encoder
    encoder.o(.text.Encoder_reset) refers to timer.o(.text.Timer_setCounterValue) for Timer_setCounterValue
    encoder.o(.ARM.exidx.text.Encoder_reset) refers to encoder.o(.text.Encoder_reset) for [Anonymous Symbol]
    encoder.o(.text.Encoder_setGpio) refers to encoder.o(.bss.encoder) for encoder
    encoder.o(.ARM.exidx.text.Encoder_setGpio) refers to encoder.o(.text.Encoder_setGpio) for [Anonymous Symbol]
    encoder.o(.text.Encoder_setTimer) refers to encoder.o(.bss.encoder) for encoder
    encoder.o(.ARM.exidx.text.Encoder_setTimer) refers to encoder.o(.text.Encoder_setTimer) for [Anonymous Symbol]
    pid.o(.text.Pid_init) refers to pid.o(.bss.pid) for pid
    pid.o(.ARM.exidx.text.Pid_init) refers to pid.o(.text.Pid_init) for [Anonymous Symbol]
    pid.o(.text.Pid_setError) refers to pid.o(.bss.pid) for pid
    pid.o(.ARM.exidx.text.Pid_setError) refers to pid.o(.text.Pid_setError) for [Anonymous Symbol]
    pid.o(.text.Pid_getCorrection) refers to pid.o(.bss.pid) for pid
    pid.o(.ARM.exidx.text.Pid_getCorrection) refers to pid.o(.text.Pid_getCorrection) for [Anonymous Symbol]
    pid.o(.text.Pid_update) refers to pid.o(.bss.pid) for pid
    pid.o(.ARM.exidx.text.Pid_update) refers to pid.o(.text.Pid_update) for [Anonymous Symbol]
    motor.o(.text.Motor_init) refers to motor.o(.bss.motor) for motor
    motor.o(.text.Motor_init) refers to gpio.o(.text.Gpio_initPin) for Gpio_initPin
    motor.o(.text.Motor_init) refers to timer.o(.text.Timer_initPwm) for Timer_initPwm
    motor.o(.ARM.exidx.text.Motor_init) refers to motor.o(.text.Motor_init) for [Anonymous Symbol]
    motor.o(.text.Motor_setSpeed) refers to motor.o(.bss.motor) for motor
    motor.o(.text.Motor_setSpeed) refers to timer.o(.text.Timer_setPwmDutyCycle) for Timer_setPwmDutyCycle
    motor.o(.ARM.exidx.text.Motor_setSpeed) refers to motor.o(.text.Motor_setSpeed) for [Anonymous Symbol]
    motor.o(.text.Motor_getSpeed) refers to motor.o(.bss.motor) for motor
    motor.o(.text.Motor_getSpeed) refers to timer.o(.text.Timer_getPwmDutyCycle) for Timer_getPwmDutyCycle
    motor.o(.ARM.exidx.text.Motor_getSpeed) refers to motor.o(.text.Motor_getSpeed) for [Anonymous Symbol]
    motor.o(.text.Motor_setGpio) refers to motor.o(.bss.motor) for motor
    motor.o(.ARM.exidx.text.Motor_setGpio) refers to motor.o(.text.Motor_setGpio) for [Anonymous Symbol]
    motor.o(.text.Motor_setTimer) refers to motor.o(.bss.motor) for motor
    motor.o(.ARM.exidx.text.Motor_setTimer) refers to motor.o(.text.Motor_setTimer) for [Anonymous Symbol]
    station.o(.text.StationTask_init) refers to station.o(.bss.stationTask) for stationTask
    station.o(.ARM.exidx.text.StationTask_init) refers to station.o(.text.StationTask_init) for [Anonymous Symbol]
    station.o(.text.StationTask_setNodeNumber) refers to station.o(.bss.stationTask) for stationTask
    station.o(.ARM.exidx.text.StationTask_setNodeNumber) refers to station.o(.text.StationTask_setNodeNumber) for [Anonymous Symbol]
    station.o(.text.StationTask_startState) refers to station.o(.bss.stationTask) for stationTask
    station.o(.text.StationTask_startState) refers to nrftask.o(.text.NrfTaskSlave_setBuffer) for NrfTaskSlave_setBuffer
    station.o(.ARM.exidx.text.StationTask_startState) refers to station.o(.text.StationTask_startState) for [Anonymous Symbol]
    station.o(.text.StationTask_getTrainAddress) refers to nrftask.o(.text.NrfTaskSlave_getBuffer) for NrfTaskSlave_getBuffer
    station.o(.text.StationTask_getTrainAddress) refers to station.o(.bss.stationTask) for stationTask
    station.o(.text.StationTask_getTrainAddress) refers to nrftask.o(.text.NrfTaskSlave_clearRxBuffer) for NrfTaskSlave_clearRxBuffer
    station.o(.ARM.exidx.text.StationTask_getTrainAddress) refers to station.o(.text.StationTask_getTrainAddress) for [Anonymous Symbol]
    station.o(.text.StationTask_detectTrainEnter) refers to infraredtask.o(.text.InfraredTask_getState) for InfraredTask_getState
    station.o(.text.StationTask_detectTrainEnter) refers to station.o(.bss.stationTask) for stationTask
    station.o(.text.StationTask_detectTrainEnter) refers to station.o(.rodata.str1.1) for .L.str
    station.o(.text.StationTask_detectTrainEnter) refers to lcdtask.o(.text.LcdTask_setString) for LcdTask_setString
    station.o(.text.StationTask_detectTrainEnter) refers to lcdtask.o(.text.LcdTask_setCharacter) for LcdTask_setCharacter
    station.o(.ARM.exidx.text.StationTask_detectTrainEnter) refers to station.o(.text.StationTask_detectTrainEnter) for [Anonymous Symbol]
    station.o(.text.StationTask_detectTrainReach) refers to infraredtask.o(.text.InfraredTask_getState) for InfraredTask_getState
    station.o(.text.StationTask_detectTrainReach) refers to station.o(.bss.stationTask) for stationTask
    station.o(.text.StationTask_detectTrainReach) refers to station.o(.rodata.str1.1) for .L.str
    station.o(.text.StationTask_detectTrainReach) refers to lcdtask.o(.text.LcdTask_setString) for LcdTask_setString
    station.o(.text.StationTask_detectTrainReach) refers to lcdtask.o(.text.LcdTask_setCharacter) for LcdTask_setCharacter
    station.o(.ARM.exidx.text.StationTask_detectTrainReach) refers to station.o(.text.StationTask_detectTrainReach) for [Anonymous Symbol]
    station.o(.text.StationTask_serveTrain) refers to station.o(.bss.stationTask) for stationTask
    station.o(.text.StationTask_serveTrain) refers to infraredtask.o(.text.InfraredTask_getState) for InfraredTask_getState
    station.o(.text.StationTask_serveTrain) refers to lcdtask.o(.text.LcdTask_clear) for LcdTask_clear
    station.o(.text.StationTask_serveTrain) refers to lcdtask.o(.text.LcdTask_setString) for LcdTask_setString
    station.o(.text.StationTask_serveTrain) refers to station.o(.rodata.str1.1) for .L.str.4
    station.o(.text.StationTask_serveTrain) refers to lcdtask.o(.text.LcdTask_setCharacter) for LcdTask_setCharacter
    station.o(.ARM.exidx.text.StationTask_serveTrain) refers to station.o(.text.StationTask_serveTrain) for [Anonymous Symbol]
    station.o(.text.StationTask_update) refers to infraredtask.o(.text.InfraredTask_getState) for InfraredTask_getState
    station.o(.text.StationTask_update) refers to station.o(.bss.stationTask) for stationTask
    station.o(.text.StationTask_update) refers to lcdtask.o(.text.LcdTask_clear) for LcdTask_clear
    station.o(.text.StationTask_update) refers to station.o(.text.StationTask_startState) for StationTask_startState
    station.o(.text.StationTask_update) refers to station.o(.text.StationTask_getTrainAddress) for StationTask_getTrainAddress
    station.o(.text.StationTask_update) refers to station.o(.text.StationTask_detectTrainEnter) for StationTask_detectTrainEnter
    station.o(.text.StationTask_update) refers to station.o(.text.StationTask_detectTrainReach) for StationTask_detectTrainReach
    station.o(.text.StationTask_update) refers to station.o(.text.StationTask_serveTrain) for StationTask_serveTrain
    station.o(.text.StationTask_update) refers to nrftask.o(.text.NrfTaskSlave_setBuffer) for NrfTaskSlave_setBuffer
    station.o(.ARM.exidx.text.StationTask_update) refers to station.o(.text.StationTask_update) for [Anonymous Symbol]
    train.o(.text.TrainTask_init) refers to encoder.o(.text.Encoder_init) for Encoder_init
    train.o(.text.TrainTask_init) refers to pid.o(.text.Pid_init) for Pid_init
    train.o(.text.TrainTask_init) refers to motor.o(.text.Motor_init) for Motor_init
    train.o(.ARM.exidx.text.TrainTask_init) refers to train.o(.text.TrainTask_init) for [Anonymous Symbol]
    train.o(.text.TrainTask_update) refers to nrftask.o(.text.NrfTaskSlave_getBuffer) for NrfTaskSlave_getBuffer
    train.o(.text.TrainTask_update) refers to encoder.o(.text.Encoder_getSpeed) for Encoder_getSpeed
    train.o(.text.TrainTask_update) refers to fflt_clz.o(x$fpl$ffltu) for __aeabi_ui2f
    train.o(.text.TrainTask_update) refers to fdiv.o(x$fpl$fdiv) for __aeabi_fdiv
    train.o(.text.TrainTask_update) refers to fmul.o(x$fpl$fmul) for __aeabi_fmul
    train.o(.text.TrainTask_update) refers to ffix.o(x$fpl$ffix) for __aeabi_f2iz
    train.o(.text.TrainTask_update) refers to pid.o(.text.Pid_setError) for Pid_setError
    train.o(.text.TrainTask_update) refers to pid.o(.text.Pid_update) for Pid_update
    train.o(.text.TrainTask_update) refers to motor.o(.text.Motor_getSpeed) for Motor_getSpeed
    train.o(.text.TrainTask_update) refers to pid.o(.text.Pid_getCorrection) for Pid_getCorrection
    train.o(.text.TrainTask_update) refers to motor.o(.text.Motor_setSpeed) for Motor_setSpeed
    train.o(.text.TrainTask_update) refers to encoder.o(.text.Encoder_reset) for Encoder_reset
    train.o(.ARM.exidx.text.TrainTask_update) refers to train.o(.text.TrainTask_update) for [Anonymous Symbol]
    startup_stm32f10x_md.o(STACK) refers (Special) to heapauxi.o(.text) for __use_two_region_memory
    startup_stm32f10x_md.o(HEAP) refers (Special) to heapauxi.o(.text) for __use_two_region_memory
    startup_stm32f10x_md.o(RESET) refers (Special) to heapauxi.o(.text) for __use_two_region_memory
    startup_stm32f10x_md.o(RESET) refers to startup_stm32f10x_md.o(STACK) for __initial_sp
    startup_stm32f10x_md.o(RESET) refers to startup_stm32f10x_md.o(.text) for Reset_Handler
    startup_stm32f10x_md.o(RESET) refers to main.o(.text.SysTick_Handler) for SysTick_Handler
    startup_stm32f10x_md.o(.text) refers (Special) to heapauxi.o(.text) for __use_two_region_memory
    startup_stm32f10x_md.o(.text) refers to system_stm32f10x.o(.text.SystemInit) for SystemInit
    startup_stm32f10x_md.o(.text) refers to __main.o(!!!main) for __main
    startup_stm32f10x_md.o(.text) refers to startup_stm32f10x_md.o(HEAP) for Heap_Mem
    startup_stm32f10x_md.o(.text) refers to startup_stm32f10x_md.o(STACK) for Stack_Mem
    system_stm32f10x.o(.text.SystemInit) refers to system_stm32f10x.o(.text.SetSysClock) for SetSysClock
    system_stm32f10x.o(.ARM.exidx.text.SystemInit) refers to system_stm32f10x.o(.text.SystemInit) for [Anonymous Symbol]
    system_stm32f10x.o(.text.SetSysClock) refers to system_stm32f10x.o(.text.SetSysClockTo72) for SetSysClockTo72
    system_stm32f10x.o(.ARM.exidx.text.SetSysClock) refers to system_stm32f10x.o(.text.SetSysClock) for [Anonymous Symbol]
    system_stm32f10x.o(.text.SystemCoreClockUpdate) refers to system_stm32f10x.o(.data.SystemCoreClock) for SystemCoreClock
    system_stm32f10x.o(.text.SystemCoreClockUpdate) refers to system_stm32f10x.o(.rodata.AHBPrescTable) for AHBPrescTable
    system_stm32f10x.o(.ARM.exidx.text.SystemCoreClockUpdate) refers to system_stm32f10x.o(.text.SystemCoreClockUpdate) for [Anonymous Symbol]
    system_stm32f10x.o(.ARM.exidx.text.SetSysClockTo72) refers to system_stm32f10x.o(.text.SetSysClockTo72) for [Anonymous Symbol]
    __main.o(!!!main) refers to __rtentry.o(.ARM.Collect$$rtentry$$00000000) for __rt_entry
    fdiv.o(x$fpl$frdiv) refers (Special) to usenofp.o(x$fpl$usenofp) for __I$use$fp
    fdiv.o(x$fpl$frdiv) refers to fdiv.o(x$fpl$fdiv) for _fdiv1
    fdiv.o(x$fpl$fdiv) refers (Special) to usenofp.o(x$fpl$usenofp) for __I$use$fp
    fdiv.o(x$fpl$fdiv) refers to fretinf.o(x$fpl$fretinf) for __fpl_fretinf
    fdiv.o(x$fpl$fdiv) refers to fnaninf.o(x$fpl$fnaninf) for __fpl_fnaninf
    ffix.o(x$fpl$ffix) refers (Special) to usenofp.o(x$fpl$usenofp) for __I$use$fp
    ffix.o(x$fpl$ffix) refers to fnaninf.o(x$fpl$fnaninf) for __fpl_fnaninf
    ffix.o(x$fpl$ffixr) refers (Special) to usenofp.o(x$fpl$usenofp) for __I$use$fp
    ffix.o(x$fpl$ffixr) refers to fnaninf.o(x$fpl$fnaninf) for __fpl_fnaninf
    fflt_clz.o(x$fpl$ffltu) refers (Special) to usenofp.o(x$fpl$usenofp) for __I$use$fp
    fflt_clz.o(x$fpl$fflt) refers (Special) to usenofp.o(x$fpl$usenofp) for __I$use$fp
    fflt_clz.o(x$fpl$ffltn) refers (Special) to usenofp.o(x$fpl$usenofp) for __I$use$fp
    fmul.o(x$fpl$fmul) refers (Special) to usenofp.o(x$fpl$usenofp) for __I$use$fp
    fmul.o(x$fpl$fmul) refers to fretinf.o(x$fpl$fretinf) for __fpl_fretinf
    fmul.o(x$fpl$fmul) refers to fnaninf.o(x$fpl$fnaninf) for __fpl_fnaninf
    __rtentry.o(.ARM.Collect$$rtentry$$00000000) refers (Special) to __rtentry2.o(.ARM.Collect$$rtentry$$0000000A) for __rt_entry_li
    __rtentry.o(.ARM.Collect$$rtentry$$00000000) refers (Special) to __rtentry2.o(.ARM.Collect$$rtentry$$0000000D) for __rt_entry_main
    __rtentry.o(.ARM.Collect$$rtentry$$00000000) refers (Special) to __rtentry2.o(.ARM.Collect$$rtentry$$0000000C) for __rt_entry_postli_1
    __rtentry.o(.ARM.Collect$$rtentry$$00000000) refers (Special) to __rtentry2.o(.ARM.Collect$$rtentry$$00000009) for __rt_entry_postsh_1
    __rtentry.o(.ARM.Collect$$rtentry$$00000000) refers (Special) to __rtentry2.o(.ARM.Collect$$rtentry$$00000002) for __rt_entry_presh_1
    __rtentry.o(.ARM.Collect$$rtentry$$00000000) refers (Special) to __rtentry4.o(.ARM.Collect$$rtentry$$00000004) for __rt_entry_sh
    fnaninf.o(x$fpl$fnaninf) refers (Special) to usenofp.o(x$fpl$usenofp) for __I$use$fp
    fretinf.o(x$fpl$fretinf) refers (Special) to usenofp.o(x$fpl$usenofp) for __I$use$fp
    __rtentry2.o(.ARM.Collect$$rtentry$$00000008) refers to boardinit2.o(.text) for _platform_post_stackheap_init
    __rtentry2.o(.ARM.Collect$$rtentry$$0000000A) refers to libinit.o(.ARM.Collect$$libinit$$00000000) for __rt_lib_init
    __rtentry2.o(.ARM.Collect$$rtentry$$0000000B) refers to boardinit3.o(.text) for _platform_post_lib_init
    __rtentry2.o(.ARM.Collect$$rtentry$$0000000D) refers to main.o(.text.main) for main
    __rtentry2.o(.ARM.Collect$$rtentry$$0000000D) refers to exit.o(.text) for exit
    __rtentry2.o(.ARM.exidx) refers to __rtentry2.o(.ARM.Collect$$rtentry$$00000001) for .ARM.Collect$$rtentry$$00000001
    __rtentry2.o(.ARM.exidx) refers to __rtentry2.o(.ARM.Collect$$rtentry$$00000008) for .ARM.Collect$$rtentry$$00000008
    __rtentry2.o(.ARM.exidx) refers to __rtentry2.o(.ARM.Collect$$rtentry$$0000000A) for .ARM.Collect$$rtentry$$0000000A
    __rtentry2.o(.ARM.exidx) refers to __rtentry2.o(.ARM.Collect$$rtentry$$0000000B) for .ARM.Collect$$rtentry$$0000000B
    __rtentry2.o(.ARM.exidx) refers to __rtentry2.o(.ARM.Collect$$rtentry$$0000000D) for .ARM.Collect$$rtentry$$0000000D
    __rtentry4.o(.ARM.Collect$$rtentry$$00000004) refers to sys_stackheap_outer.o(.text) for __user_setup_stackheap
    __rtentry4.o(.ARM.exidx) refers to __rtentry4.o(.ARM.Collect$$rtentry$$00000004) for .ARM.Collect$$rtentry$$00000004
    sys_stackheap_outer.o(.text) refers to libspace.o(.text) for __user_perproc_libspace
    sys_stackheap_outer.o(.text) refers to startup_stm32f10x_md.o(.text) for __user_initial_stackheap
    exit.o(.text) refers to rtexit.o(.ARM.Collect$$rtexit$$00000000) for __rt_exit
    libinit.o(.ARM.Collect$$libinit$$00000000) refers (Special) to libinit2.o(.ARM.Collect$$libinit$$0000002E) for __rt_lib_init_alloca_1
    libinit.o(.ARM.Collect$$libinit$$00000000) refers (Special) to libinit2.o(.ARM.Collect$$libinit$$0000002C) for __rt_lib_init_argv_1
    libinit.o(.ARM.Collect$$libinit$$00000000) refers (Special) to libinit2.o(.ARM.Collect$$libinit$$0000001B) for __rt_lib_init_atexit_1
    libinit.o(.ARM.Collect$$libinit$$00000000) refers (Special) to libinit2.o(.ARM.Collect$$libinit$$00000021) for __rt_lib_init_clock_1
    libinit.o(.ARM.Collect$$libinit$$00000000) refers (Special) to libinit2.o(.ARM.Collect$$libinit$$00000032) for __rt_lib_init_cpp_1
    libinit.o(.ARM.Collect$$libinit$$00000000) refers (Special) to libinit2.o(.ARM.Collect$$libinit$$00000030) for __rt_lib_init_exceptions_1
    libinit.o(.ARM.Collect$$libinit$$00000000) refers (Special) to libinit2.o(.ARM.Collect$$libinit$$00000002) for __rt_lib_init_fp_1
    libinit.o(.ARM.Collect$$libinit$$00000000) refers (Special) to libinit2.o(.ARM.Collect$$libinit$$0000001F) for __rt_lib_init_fp_trap_1
    libinit.o(.ARM.Collect$$libinit$$00000000) refers (Special) to libinit2.o(.ARM.Collect$$libinit$$00000023) for __rt_lib_init_getenv_1
    libinit.o(.ARM.Collect$$libinit$$00000000) refers (Special) to libinit2.o(.ARM.Collect$$libinit$$0000000A) for __rt_lib_init_heap_1
    libinit.o(.ARM.Collect$$libinit$$00000000) refers (Special) to libinit2.o(.ARM.Collect$$libinit$$00000011) for __rt_lib_init_lc_collate_1
    libinit.o(.ARM.Collect$$libinit$$00000000) refers (Special) to libinit2.o(.ARM.Collect$$libinit$$00000013) for __rt_lib_init_lc_ctype_1
    libinit.o(.ARM.Collect$$libinit$$00000000) refers (Special) to libinit2.o(.ARM.Collect$$libinit$$00000015) for __rt_lib_init_lc_monetary_1
    libinit.o(.ARM.Collect$$libinit$$00000000) refers (Special) to libinit2.o(.ARM.Collect$$libinit$$00000017) for __rt_lib_init_lc_numeric_1
    libinit.o(.ARM.Collect$$libinit$$00000000) refers (Special) to libinit2.o(.ARM.Collect$$libinit$$00000019) for __rt_lib_init_lc_time_1
    libinit.o(.ARM.Collect$$libinit$$00000000) refers (Special) to libinit2.o(.ARM.Collect$$libinit$$00000004) for __rt_lib_init_preinit_1
    libinit.o(.ARM.Collect$$libinit$$00000000) refers (Special) to libinit2.o(.ARM.Collect$$libinit$$0000000E) for __rt_lib_init_rand_1
    libinit.o(.ARM.Collect$$libinit$$00000000) refers (Special) to libinit2.o(.ARM.Collect$$libinit$$00000033) for __rt_lib_init_return
    libinit.o(.ARM.Collect$$libinit$$00000000) refers (Special) to libinit2.o(.ARM.Collect$$libinit$$0000001D) for __rt_lib_init_signal_1
    libinit.o(.ARM.Collect$$libinit$$00000000) refers (Special) to libinit2.o(.ARM.Collect$$libinit$$00000025) for __rt_lib_init_stdio_1
    libinit.o(.ARM.Collect$$libinit$$00000000) refers (Special) to libinit2.o(.ARM.Collect$$libinit$$0000000C) for __rt_lib_init_user_alloc_1
    libspace.o(.text) refers to libspace.o(.bss) for __libspace_start
    rtexit.o(.ARM.Collect$$rtexit$$00000000) refers (Special) to rtexit2.o(.ARM.Collect$$rtexit$$00000004) for __rt_exit_exit
    rtexit.o(.ARM.Collect$$rtexit$$00000000) refers (Special) to rtexit2.o(.ARM.Collect$$rtexit$$00000003) for __rt_exit_ls
    rtexit.o(.ARM.Collect$$rtexit$$00000000) refers (Special) to rtexit2.o(.ARM.Collect$$rtexit$$00000002) for __rt_exit_prels_1
    rtexit.o(.ARM.exidx) refers (Special) to rtexit2.o(.ARM.Collect$$rtexit$$00000004) for __rt_exit_exit
    rtexit.o(.ARM.exidx) refers (Special) to rtexit2.o(.ARM.Collect$$rtexit$$00000003) for __rt_exit_ls
    rtexit.o(.ARM.exidx) refers (Special) to rtexit2.o(.ARM.Collect$$rtexit$$00000002) for __rt_exit_prels_1
    rtexit.o(.ARM.exidx) refers to rtexit.o(.ARM.Collect$$rtexit$$00000000) for .ARM.Collect$$rtexit$$00000000
    libinit2.o(.ARM.Collect$$libinit$$00000010) refers to libinit2.o(.ARM.Collect$$libinit$$0000000F) for .ARM.Collect$$libinit$$0000000F
    libinit2.o(.ARM.Collect$$libinit$$00000012) refers to libinit2.o(.ARM.Collect$$libinit$$0000000F) for .ARM.Collect$$libinit$$0000000F
    libinit2.o(.ARM.Collect$$libinit$$00000014) refers to libinit2.o(.ARM.Collect$$libinit$$0000000F) for .ARM.Collect$$libinit$$0000000F
    libinit2.o(.ARM.Collect$$libinit$$00000016) refers to libinit2.o(.ARM.Collect$$libinit$$0000000F) for .ARM.Collect$$libinit$$0000000F
    libinit2.o(.ARM.Collect$$libinit$$00000018) refers to libinit2.o(.ARM.Collect$$libinit$$0000000F) for .ARM.Collect$$libinit$$0000000F
    libinit2.o(.ARM.Collect$$libinit$$00000026) refers to argv_veneer.o(.emb_text) for __ARM_argv_veneer
    libinit2.o(.ARM.Collect$$libinit$$00000027) refers to argv_veneer.o(.emb_text) for __ARM_argv_veneer
    rtexit2.o(.ARM.Collect$$rtexit$$00000003) refers to libshutdown.o(.ARM.Collect$$libshutdown$$00000000) for __rt_lib_shutdown
    rtexit2.o(.ARM.Collect$$rtexit$$00000004) refers to sys_exit.o(.text) for _sys_exit
    rtexit2.o(.ARM.exidx) refers to rtexit2.o(.ARM.Collect$$rtexit$$00000001) for .ARM.Collect$$rtexit$$00000001
    rtexit2.o(.ARM.exidx) refers to rtexit2.o(.ARM.Collect$$rtexit$$00000003) for .ARM.Collect$$rtexit$$00000003
    rtexit2.o(.ARM.exidx) refers to rtexit2.o(.ARM.Collect$$rtexit$$00000004) for .ARM.Collect$$rtexit$$00000004
    argv_veneer.o(.emb_text) refers to no_argv.o(.text) for __ARM_get_argv
    sys_exit.o(.text) refers (Special) to use_no_semi.o(.text) for __I$use$semihosting
    sys_exit.o(.text) refers (Special) to indicate_semi.o(.text) for __semihosting_library_function
    sys_exit_hlt.o(.text) refers (Special) to use_no_semi.o(.text) for __I$use$semihosting
    sys_exit_hlt.o(.text) refers (Special) to indicate_semi.o(.text) for __semihosting_library_function
    _get_argv_nomalloc.o(.text) refers (Special) to hrguard.o(.text) for __heap_region$guard
    _get_argv_nomalloc.o(.text) refers to defsig_rtmem_outer.o(.text) for __rt_SIGRTMEM
    _get_argv_nomalloc.o(.text) refers to sys_command.o(.text) for _sys_command_string
    libshutdown.o(.ARM.Collect$$libshutdown$$00000000) refers (Special) to libshutdown2.o(.ARM.Collect$$libshutdown$$00000002) for __rt_lib_shutdown_cpp_1
    libshutdown.o(.ARM.Collect$$libshutdown$$00000000) refers (Special) to libshutdown2.o(.ARM.Collect$$libshutdown$$00000007) for __rt_lib_shutdown_fp_trap_1
    libshutdown.o(.ARM.Collect$$libshutdown$$00000000) refers (Special) to libshutdown2.o(.ARM.Collect$$libshutdown$$0000000F) for __rt_lib_shutdown_heap_1
    libshutdown.o(.ARM.Collect$$libshutdown$$00000000) refers (Special) to libshutdown2.o(.ARM.Collect$$libshutdown$$00000010) for __rt_lib_shutdown_return
    libshutdown.o(.ARM.Collect$$libshutdown$$00000000) refers (Special) to libshutdown2.o(.ARM.Collect$$libshutdown$$0000000A) for __rt_lib_shutdown_signal_1
    libshutdown.o(.ARM.Collect$$libshutdown$$00000000) refers (Special) to libshutdown2.o(.ARM.Collect$$libshutdown$$00000004) for __rt_lib_shutdown_stdio_1
    libshutdown.o(.ARM.Collect$$libshutdown$$00000000) refers (Special) to libshutdown2.o(.ARM.Collect$$libshutdown$$0000000C) for __rt_lib_shutdown_user_alloc_1
    sys_command.o(.text) refers (Special) to use_no_semi.o(.text) for __I$use$semihosting
    sys_command.o(.text) refers (Special) to indicate_semi.o(.text) for __semihosting_library_function
    sys_command_hlt.o(.text) refers (Special) to use_no_semi.o(.text) for __I$use$semihosting
    sys_command_hlt.o(.text) refers (Special) to indicate_semi.o(.text) for __semihosting_library_function
    defsig_rtmem_outer.o(.text) refers to defsig_rtmem_inner.o(.text) for __rt_SIGRTMEM_inner
    defsig_rtmem_outer.o(.text) refers to defsig_exit.o(.text) for __sig_exit
    defsig_rtmem_formal.o(.text) refers to rt_raise.o(.text) for __rt_raise
    rt_raise.o(.text) refers to __raise.o(.text) for __raise
    rt_raise.o(.text) refers to sys_exit.o(.text) for _sys_exit
    defsig_exit.o(.text) refers to sys_exit.o(.text) for _sys_exit
    defsig_rtmem_inner.o(.text) refers to defsig_general.o(.text) for __default_signal_display
    __raise.o(.text) refers to defsig.o(CL$$defsig) for __default_signal_handler
    defsig_general.o(.text) refers to sys_wrch.o(.text) for _ttywrch
    sys_wrch.o(.text) refers (Special) to use_no_semi.o(.text) for __I$use$semihosting
    sys_wrch.o(.text) refers (Special) to indicate_semi.o(.text) for __semihosting_library_function
    sys_wrch_hlt.o(.text) refers (Special) to use_no_semi.o(.text) for __I$use$semihosting
    sys_wrch_hlt.o(.text) refers (Special) to indicate_semi.o(.text) for __semihosting_library_function
    defsig.o(CL$$defsig) refers to defsig_rtmem_inner.o(.text) for __rt_SIGRTMEM_inner
    defsig_abrt_inner.o(.text) refers to defsig_general.o(.text) for __default_signal_display
    defsig_fpe_inner.o(.text) refers to defsig_general.o(.text) for __default_signal_display
    defsig_rtred_inner.o(.text) refers to defsig_general.o(.text) for __default_signal_display
    defsig_stak_inner.o(.text) refers to defsig_general.o(.text) for __default_signal_display
    defsig_pvfn_inner.o(.text) refers to defsig_general.o(.text) for __default_signal_display
    defsig_cppl_inner.o(.text) refers to defsig_general.o(.text) for __default_signal_display
    defsig_segv_inner.o(.text) refers to defsig_general.o(.text) for __default_signal_display
    defsig_other.o(.text) refers to defsig_general.o(.text) for __default_signal_display


==============================================================================

Removing Unused input sections from the image.

    Removing main.o(.text), (0 bytes).
    Removing main.o(.ARM.exidx.text.SysTick_Handler), (8 bytes).
    Removing main.o(.ARM.exidx.text.main), (8 bytes).
    Removing main.o(.text.serverTask), (214 bytes).
    Removing main.o(.ARM.exidx.text.serverTask), (8 bytes).
    Removing main.o(.text.station1Task), (342 bytes).
    Removing main.o(.ARM.exidx.text.station1Task), (8 bytes).
    Removing main.o(.text.station2Task), (342 bytes).
    Removing main.o(.ARM.exidx.text.station2Task), (8 bytes).
    Removing main.o(.text.train1Task), (286 bytes).
    Removing main.o(.ARM.exidx.text.train1Task), (8 bytes).
    Removing main.o(.text.train2Task), (286 bytes).
    Removing main.o(.ARM.exidx.text.train2Task), (8 bytes).
    Removing main.o(.ARM.use_no_argv), (4 bytes).
    Removing schedulerconfig.o(.text), (0 bytes).
    Removing schedulerconfig.o(.text.Scheduler_initSysTick), (40 bytes).
    Removing schedulerconfig.o(.ARM.exidx.text.Scheduler_initSysTick), (8 bytes).
    Removing schedulerconfig.o(.text.Scheduler_displayError), (18 bytes).
    Removing schedulerconfig.o(.ARM.exidx.text.Scheduler_displayError), (8 bytes).
    Removing schedulerconfig.o(.text.Scheduler_sleepHardware), (2 bytes).
    Removing schedulerconfig.o(.ARM.exidx.text.Scheduler_sleepHardware), (8 bytes).
    Removing schedulerconfig.o(.text.Scheduler_delayHardwareMs), (8 bytes).
    Removing schedulerconfig.o(.ARM.exidx.text.Scheduler_delayHardwareMs), (8 bytes).
    Removing schedulerconfig.o(.text.Scheduler_delayHardwareUs), (8 bytes).
    Removing schedulerconfig.o(.ARM.exidx.text.Scheduler_delayHardwareUs), (8 bytes).
    Removing schedulerconfig.o(.text.Scheduler_delaySoftwareMs), (38 bytes).
    Removing schedulerconfig.o(.ARM.exidx.text.Scheduler_delaySoftwareMs), (8 bytes).
    Removing schedulerconfig.o(.text.Scheduler_delaySoftwareUs), (48 bytes).
    Removing schedulerconfig.o(.ARM.exidx.text.Scheduler_delaySoftwareUs), (8 bytes).
    Removing scheduler.o(.text), (0 bytes).
    Removing scheduler.o(.text.Scheduler_init), (36 bytes).
    Removing scheduler.o(.ARM.exidx.text.Scheduler_init), (8 bytes).
    Removing scheduler.o(.text.Scheduler_deleteTask), (44 bytes).
    Removing scheduler.o(.ARM.exidx.text.Scheduler_deleteTask), (8 bytes).
    Removing scheduler.o(.text.Scheduler_addTask), (64 bytes).
    Removing scheduler.o(.ARM.exidx.text.Scheduler_addTask), (8 bytes).
    Removing scheduler.o(.text.Scheduler_start), (10 bytes).
    Removing scheduler.o(.ARM.exidx.text.Scheduler_start), (8 bytes).
    Removing scheduler.o(.text.Scheduler_reportStatus), (34 bytes).
    Removing scheduler.o(.ARM.exidx.text.Scheduler_reportStatus), (8 bytes).
    Removing scheduler.o(.text.Scheduler_goToSleep), (52 bytes).
    Removing scheduler.o(.ARM.exidx.text.Scheduler_goToSleep), (8 bytes).
    Removing scheduler.o(.ARM.exidx.text.Scheduler_update), (8 bytes).
    Removing scheduler.o(.text.Scheduler_dispatchTasks), (74 bytes).
    Removing scheduler.o(.ARM.exidx.text.Scheduler_dispatchTasks), (8 bytes).
    Removing rcc.o(.text), (0 bytes).
    Removing rcc.o(.text.Rcc_enableClock), (360 bytes).
    Removing rcc.o(.ARM.exidx.text.Rcc_enableClock), (8 bytes).
    Removing gpio.o(.text), (0 bytes).
    Removing gpio.o(.text.Gpio_initPin), (52 bytes).
    Removing gpio.o(.ARM.exidx.text.Gpio_initPin), (8 bytes).
    Removing gpio.o(.text.Gpio_setPinState), (38 bytes).
    Removing gpio.o(.ARM.exidx.text.Gpio_setPinState), (8 bytes).
    Removing gpio.o(.text.Gpio_getPinState), (24 bytes).
    Removing gpio.o(.ARM.exidx.text.Gpio_getPinState), (8 bytes).
    Removing gpio.o(.text.Gpio_setPortState), (24 bytes).
    Removing gpio.o(.ARM.exidx.text.Gpio_setPortState), (8 bytes).
    Removing gpio.o(.text.Gpio_getPortState), (18 bytes).
    Removing gpio.o(.ARM.exidx.text.Gpio_getPortState), (8 bytes).
    Removing gpio.o(.rodata.gpio), (12 bytes).
    Removing afio.o(.text), (0 bytes).
    Removing afio.o(.text.Afio_disableJTAG), (16 bytes).
    Removing afio.o(.ARM.exidx.text.Afio_disableJTAG), (8 bytes).
    Removing timer.o(.text), (0 bytes).
    Removing timer.o(.text.Timer_initCounter), (64 bytes).
    Removing timer.o(.ARM.exidx.text.Timer_initCounter), (8 bytes).
    Removing timer.o(.text.Timer_setCounterValue), (16 bytes).
    Removing timer.o(.ARM.exidx.text.Timer_setCounterValue), (8 bytes).
    Removing timer.o(.text.Timer_getCounterValue), (16 bytes).
    Removing timer.o(.ARM.exidx.text.Timer_getCounterValue), (8 bytes).
    Removing timer.o(.text.Timer_initPwm), (62 bytes).
    Removing timer.o(.ARM.exidx.text.Timer_initPwm), (8 bytes).
    Removing timer.o(.text.Timer_setPwmDutyCycle), (16 bytes).
    Removing timer.o(.ARM.exidx.text.Timer_setPwmDutyCycle), (8 bytes).
    Removing timer.o(.text.Timer_getPwmDutyCycle), (16 bytes).
    Removing timer.o(.ARM.exidx.text.Timer_getPwmDutyCycle), (8 bytes).
    Removing timer.o(.rodata.timer), (12 bytes).
    Removing adc.o(.text), (0 bytes).
    Removing adc.o(.text.Adc_init), (112 bytes).
    Removing adc.o(.ARM.exidx.text.Adc_init), (8 bytes).
    Removing adc.o(.text.Adc_getState), (30 bytes).
    Removing adc.o(.ARM.exidx.text.Adc_getState), (8 bytes).
    Removing adc.o(.rodata.cst8), (8 bytes).
    Removing spi.o(.text), (0 bytes).
    Removing spi.o(.text.Spi_init), (30 bytes).
    Removing spi.o(.ARM.exidx.text.Spi_init), (8 bytes).
    Removing spi.o(.text.Spi_transfer), (38 bytes).
    Removing spi.o(.ARM.exidx.text.Spi_transfer), (8 bytes).
    Removing spi.o(.rodata.cst8), (8 bytes).
    Removing infrared.o(.text), (0 bytes).
    Removing infrared.o(.text.Infrared_init), (36 bytes).
    Removing infrared.o(.ARM.exidx.text.Infrared_init), (8 bytes).
    Removing infrared.o(.text.Infrared_getState), (28 bytes).
    Removing infrared.o(.ARM.exidx.text.Infrared_getState), (8 bytes).
    Removing infrared.o(.text.Infrared_setGpio), (20 bytes).
    Removing infrared.o(.ARM.exidx.text.Infrared_setGpio), (8 bytes).
    Removing infrared.o(.bss.infrared), (6 bytes).
    Removing infraredtask.o(.text), (0 bytes).
    Removing infraredtask.o(.text.InfraredTask_init), (22 bytes).
    Removing infraredtask.o(.ARM.exidx.text.InfraredTask_init), (8 bytes).
    Removing infraredtask.o(.text.InfraredTask_getState), (12 bytes).
    Removing infraredtask.o(.ARM.exidx.text.InfraredTask_getState), (8 bytes).
    Removing infraredtask.o(.text.InfraredTask_update), (34 bytes).
    Removing infraredtask.o(.ARM.exidx.text.InfraredTask_update), (8 bytes).
    Removing infraredtask.o(.bss.infraredTask), (3 bytes).
    Removing led.o(.text), (0 bytes).
    Removing led.o(.text.Led_init), (26 bytes).
    Removing led.o(.ARM.exidx.text.Led_init), (8 bytes).
    Removing led.o(.text.Led_setState), (30 bytes).
    Removing led.o(.ARM.exidx.text.Led_setState), (8 bytes).
    Removing led.o(.text.Led_setGpio), (24 bytes).
    Removing led.o(.ARM.exidx.text.Led_setGpio), (8 bytes).
    Removing led.o(.bss.led), (3 bytes).
    Removing ledtask.o(.text), (0 bytes).
    Removing ledtask.o(.text.LedTask_init), (22 bytes).
    Removing ledtask.o(.ARM.exidx.text.LedTask_init), (8 bytes).
    Removing ledtask.o(.text.LedTask_setState), (38 bytes).
    Removing ledtask.o(.ARM.exidx.text.LedTask_setState), (8 bytes).
    Removing ledtask.o(.text.LedTask_update), (64 bytes).
    Removing ledtask.o(.ARM.exidx.text.LedTask_update), (8 bytes).
    Removing ledtask.o(.bss.ledTask), (6 bytes).
    Removing lcd.o(.text), (0 bytes).
    Removing lcd.o(.text.Lcd_init), (118 bytes).
    Removing lcd.o(.ARM.exidx.text.Lcd_init), (8 bytes).
    Removing lcd.o(.text.Lcd_setCommand), (78 bytes).
    Removing lcd.o(.ARM.exidx.text.Lcd_setCommand), (8 bytes).
    Removing lcd.o(.text.Lcd_clear), (28 bytes).
    Removing lcd.o(.ARM.exidx.text.Lcd_clear), (8 bytes).
    Removing lcd.o(.text.Lcd_setCharacter), (72 bytes).
    Removing lcd.o(.ARM.exidx.text.Lcd_setCharacter), (8 bytes).
    Removing lcd.o(.text.Lcd_setString), (34 bytes).
    Removing lcd.o(.ARM.exidx.text.Lcd_setString), (8 bytes).
    Removing lcd.o(.text.Lcd_setCursor), (20 bytes).
    Removing lcd.o(.ARM.exidx.text.Lcd_setCursor), (8 bytes).
    Removing lcd.o(.text.Lcd_setGpioRs), (20 bytes).
    Removing lcd.o(.ARM.exidx.text.Lcd_setGpioRs), (8 bytes).
    Removing lcd.o(.text.Lcd_setGpioE), (18 bytes).
    Removing lcd.o(.ARM.exidx.text.Lcd_setGpioE), (8 bytes).
    Removing lcd.o(.text.Lcd_setGpioD0), (18 bytes).
    Removing lcd.o(.ARM.exidx.text.Lcd_setGpioD0), (8 bytes).
    Removing lcd.o(.bss.lcd), (8 bytes).
    Removing lcdtask.o(.text), (0 bytes).
    Removing lcdtask.o(.text.LcdTask_init), (26 bytes).
    Removing lcdtask.o(.ARM.exidx.text.LcdTask_init), (8 bytes).
    Removing lcdtask.o(.text.LcdTask_clear), (60 bytes).
    Removing lcdtask.o(.ARM.exidx.text.LcdTask_clear), (8 bytes).
    Removing lcdtask.o(.text.LcdTask_setCharacter), (24 bytes).
    Removing lcdtask.o(.ARM.exidx.text.LcdTask_setCharacter), (8 bytes).
    Removing lcdtask.o(.text.LcdTask_setString), (86 bytes).
    Removing lcdtask.o(.ARM.exidx.text.LcdTask_setString), (8 bytes).
    Removing lcdtask.o(.text.LcdTask_update), (88 bytes).
    Removing lcdtask.o(.ARM.exidx.text.LcdTask_update), (8 bytes).
    Removing lcdtask.o(.bss.lcdTask), (34 bytes).
    Removing nrf.o(.text), (0 bytes).
    Removing nrf.o(.text.Nrf_init), (222 bytes).
    Removing nrf.o(.ARM.exidx.text.Nrf_init), (8 bytes).
    Removing nrf.o(.text.Nrf_ce), (36 bytes).
    Removing nrf.o(.ARM.exidx.text.Nrf_ce), (8 bytes).
    Removing nrf.o(.text.Nrf_csn), (36 bytes).
    Removing nrf.o(.ARM.exidx.text.Nrf_csn), (8 bytes).
    Removing nrf.o(.text.Nrf_writeByte), (66 bytes).
    Removing nrf.o(.ARM.exidx.text.Nrf_writeByte), (8 bytes).
    Removing nrf.o(.text.Nrf_readByte), (60 bytes).
    Removing nrf.o(.ARM.exidx.text.Nrf_readByte), (8 bytes).
    Removing nrf.o(.text.Nrf_flushTx), (44 bytes).
    Removing nrf.o(.ARM.exidx.text.Nrf_flushTx), (8 bytes).
    Removing nrf.o(.text.Nrf_flushRx), (44 bytes).
    Removing nrf.o(.ARM.exidx.text.Nrf_flushRx), (8 bytes).
    Removing nrf.o(.text.Nrf_setGpioCe), (22 bytes).
    Removing nrf.o(.ARM.exidx.text.Nrf_setGpioCe), (8 bytes).
    Removing nrf.o(.text.Nrf_setGpioCsn), (22 bytes).
    Removing nrf.o(.ARM.exidx.text.Nrf_setGpioCsn), (8 bytes).
    Removing nrf.o(.text.Nrf_setGpioSpi), (22 bytes).
    Removing nrf.o(.ARM.exidx.text.Nrf_setGpioSpi), (8 bytes).
    Removing nrf.o(.text.Nrf_setSpi), (20 bytes).
    Removing nrf.o(.ARM.exidx.text.Nrf_setSpi), (8 bytes).
    Removing nrf.o(.text.Nrf_writePage), (88 bytes).
    Removing nrf.o(.ARM.exidx.text.Nrf_writePage), (8 bytes).
    Removing nrf.o(.text.Nrf_readPage), (86 bytes).
    Removing nrf.o(.ARM.exidx.text.Nrf_readPage), (8 bytes).
    Removing nrf.o(.text.Nrf_startTxMode), (26 bytes).
    Removing nrf.o(.ARM.exidx.text.Nrf_startTxMode), (8 bytes).
    Removing nrf.o(.text.Nrf_startRxMode), (32 bytes).
    Removing nrf.o(.ARM.exidx.text.Nrf_startRxMode), (8 bytes).
    Removing nrf.o(.text.Nrf_stopRxMode), (10 bytes).
    Removing nrf.o(.ARM.exidx.text.Nrf_stopRxMode), (8 bytes).
    Removing nrf.o(.text.Nrf_checkTxFlag), (120 bytes).
    Removing nrf.o(.ARM.exidx.text.Nrf_checkTxFlag), (8 bytes).
    Removing nrf.o(.text.Nrf_checkRxFlag), (42 bytes).
    Removing nrf.o(.ARM.exidx.text.Nrf_checkRxFlag), (8 bytes).
    Removing nrf.o(.text.Nrf_transmit), (94 bytes).
    Removing nrf.o(.ARM.exidx.text.Nrf_transmit), (8 bytes).
    Removing nrf.o(.text.Nrf_receive), (74 bytes).
    Removing nrf.o(.ARM.exidx.text.Nrf_receive), (8 bytes).
    Removing nrf.o(.text.Nrf_ack), (72 bytes).
    Removing nrf.o(.ARM.exidx.text.Nrf_ack), (8 bytes).
    Removing nrf.o(.text.Nrf_setChannel), (12 bytes).
    Removing nrf.o(.ARM.exidx.text.Nrf_setChannel), (8 bytes).
    Removing nrf.o(.text.Nrf_openWritingPipe), (50 bytes).
    Removing nrf.o(.ARM.exidx.text.Nrf_openWritingPipe), (8 bytes).
    Removing nrf.o(.text.Nrf_openReadingPipe1), (38 bytes).
    Removing nrf.o(.ARM.exidx.text.Nrf_openReadingPipe1), (8 bytes).
    Removing nrf.o(.text.Nrf_openReadingPipe2), (36 bytes).
    Removing nrf.o(.ARM.exidx.text.Nrf_openReadingPipe2), (8 bytes).
    Removing nrf.o(.text.Nrf_openReadingPipe3), (36 bytes).
    Removing nrf.o(.ARM.exidx.text.Nrf_openReadingPipe3), (8 bytes).
    Removing nrf.o(.text.Nrf_openReadingPipe4), (36 bytes).
    Removing nrf.o(.ARM.exidx.text.Nrf_openReadingPipe4), (8 bytes).
    Removing nrf.o(.text.Nrf_openReadingPipe5), (36 bytes).
    Removing nrf.o(.ARM.exidx.text.Nrf_openReadingPipe5), (8 bytes).
    Removing nrf.o(.bss.nrf), (12 bytes).
    Removing nrftask.o(.text), (0 bytes).
    Removing nrftask.o(.text.NrfTaskMaster_init), (100 bytes).
    Removing nrftask.o(.ARM.exidx.text.NrfTaskMaster_init), (8 bytes).
    Removing nrftask.o(.text.NrfTaskMaster_clearTxBuffer), (48 bytes).
    Removing nrftask.o(.ARM.exidx.text.NrfTaskMaster_clearTxBuffer), (8 bytes).
    Removing nrftask.o(.text.NrfTaskMaster_clearRxBuffer), (48 bytes).
    Removing nrftask.o(.ARM.exidx.text.NrfTaskMaster_clearRxBuffer), (8 bytes).
    Removing nrftask.o(.text.NrfTaskMaster_setNodeNumber), (20 bytes).
    Removing nrftask.o(.ARM.exidx.text.NrfTaskMaster_setNodeNumber), (8 bytes).
    Removing nrftask.o(.text.NrfTaskMaster_update), (324 bytes).
    Removing nrftask.o(.ARM.exidx.text.NrfTaskMaster_update), (8 bytes).
    Removing nrftask.o(.text.NrfTaskSlave_init), (56 bytes).
    Removing nrftask.o(.ARM.exidx.text.NrfTaskSlave_init), (8 bytes).
    Removing nrftask.o(.text.NrfTaskSlave_clearTxBuffer), (26 bytes).
    Removing nrftask.o(.ARM.exidx.text.NrfTaskSlave_clearTxBuffer), (8 bytes).
    Removing nrftask.o(.text.NrfTaskSlave_clearRxBuffer), (26 bytes).
    Removing nrftask.o(.ARM.exidx.text.NrfTaskSlave_clearRxBuffer), (8 bytes).
    Removing nrftask.o(.text.NrfTaskSlave_setNodeNumber), (20 bytes).
    Removing nrftask.o(.ARM.exidx.text.NrfTaskSlave_setNodeNumber), (8 bytes).
    Removing nrftask.o(.text.NrfTaskSlave_setBuffer), (22 bytes).
    Removing nrftask.o(.ARM.exidx.text.NrfTaskSlave_setBuffer), (8 bytes).
    Removing nrftask.o(.text.NrfTaskSlave_getBuffer), (22 bytes).
    Removing nrftask.o(.ARM.exidx.text.NrfTaskSlave_getBuffer), (8 bytes).
    Removing nrftask.o(.text.NrfTaskSlave_update), (160 bytes).
    Removing nrftask.o(.ARM.exidx.text.NrfTaskSlave_update), (8 bytes).
    Removing nrftask.o(.bss.nrfTaskMaster), (80 bytes).
    Removing nrftask.o(.bss.nrfTaskSlave), (20 bytes).
    Removing encoder.o(.text), (0 bytes).
    Removing encoder.o(.text.Encoder_init), (28 bytes).
    Removing encoder.o(.ARM.exidx.text.Encoder_init), (8 bytes).
    Removing encoder.o(.text.Encoder_getSpeed), (24 bytes).
    Removing encoder.o(.ARM.exidx.text.Encoder_getSpeed), (8 bytes).
    Removing encoder.o(.text.Encoder_reset), (26 bytes).
    Removing encoder.o(.ARM.exidx.text.Encoder_reset), (8 bytes).
    Removing encoder.o(.text.Encoder_setGpio), (24 bytes).
    Removing encoder.o(.ARM.exidx.text.Encoder_setGpio), (8 bytes).
    Removing encoder.o(.text.Encoder_setTimer), (18 bytes).
    Removing encoder.o(.ARM.exidx.text.Encoder_setTimer), (8 bytes).
    Removing encoder.o(.bss.encoder), (3 bytes).
    Removing pid.o(.text), (0 bytes).
    Removing pid.o(.text.Pid_init), (32 bytes).
    Removing pid.o(.ARM.exidx.text.Pid_init), (8 bytes).
    Removing pid.o(.text.Pid_setError), (20 bytes).
    Removing pid.o(.ARM.exidx.text.Pid_setError), (8 bytes).
    Removing pid.o(.text.Pid_getCorrection), (20 bytes).
    Removing pid.o(.ARM.exidx.text.Pid_getCorrection), (8 bytes).
    Removing pid.o(.text.Pid_update), (50 bytes).
    Removing pid.o(.ARM.exidx.text.Pid_update), (8 bytes).
    Removing pid.o(.bss.pid), (36 bytes).
    Removing motor.o(.text), (0 bytes).
    Removing motor.o(.text.Motor_init), (28 bytes).
    Removing motor.o(.ARM.exidx.text.Motor_init), (8 bytes).
    Removing motor.o(.text.Motor_setSpeed), (24 bytes).
    Removing motor.o(.ARM.exidx.text.Motor_setSpeed), (8 bytes).
    Removing motor.o(.text.Motor_getSpeed), (24 bytes).
    Removing motor.o(.ARM.exidx.text.Motor_getSpeed), (8 bytes).
    Removing motor.o(.text.Motor_setGpio), (24 bytes).
    Removing motor.o(.ARM.exidx.text.Motor_setGpio), (8 bytes).
    Removing motor.o(.text.Motor_setTimer), (18 bytes).
    Removing motor.o(.ARM.exidx.text.Motor_setTimer), (8 bytes).
    Removing motor.o(.bss.motor), (3 bytes).
    Removing station.o(.text), (0 bytes).
    Removing station.o(.text.StationTask_init), (20 bytes).
    Removing station.o(.ARM.exidx.text.StationTask_init), (8 bytes).
    Removing station.o(.text.StationTask_setNodeNumber), (50 bytes).
    Removing station.o(.ARM.exidx.text.StationTask_setNodeNumber), (8 bytes).
    Removing station.o(.text.StationTask_startState), (52 bytes).
    Removing station.o(.ARM.exidx.text.StationTask_startState), (8 bytes).
    Removing station.o(.text.StationTask_getTrainAddress), (76 bytes).
    Removing station.o(.ARM.exidx.text.StationTask_getTrainAddress), (8 bytes).
    Removing station.o(.text.StationTask_detectTrainEnter), (244 bytes).
    Removing station.o(.ARM.exidx.text.StationTask_detectTrainEnter), (8 bytes).
    Removing station.o(.text.StationTask_detectTrainReach), (228 bytes).
    Removing station.o(.ARM.exidx.text.StationTask_detectTrainReach), (8 bytes).
    Removing station.o(.text.StationTask_serveTrain), (464 bytes).
    Removing station.o(.ARM.exidx.text.StationTask_serveTrain), (8 bytes).
    Removing station.o(.text.StationTask_update), (114 bytes).
    Removing station.o(.ARM.exidx.text.StationTask_update), (8 bytes).
    Removing station.o(.bss.stationTask), (8 bytes).
    Removing station.o(.rodata.str1.1), (22 bytes).
    Removing train.o(.text), (0 bytes).
    Removing train.o(.text.TrainTask_init), (16 bytes).
    Removing train.o(.ARM.exidx.text.TrainTask_init), (8 bytes).
    Removing train.o(.text.TrainTask_update), (150 bytes).
    Removing train.o(.ARM.exidx.text.TrainTask_update), (8 bytes).
    Removing system_stm32f10x.o(.text), (0 bytes).
    Removing system_stm32f10x.o(.ARM.exidx.text.SystemInit), (8 bytes).
    Removing system_stm32f10x.o(.ARM.exidx.text.SetSysClock), (8 bytes).
    Removing system_stm32f10x.o(.text.SystemCoreClockUpdate), (110 bytes).
    Removing system_stm32f10x.o(.ARM.exidx.text.SystemCoreClockUpdate), (8 bytes).
    Removing system_stm32f10x.o(.ARM.exidx.text.SetSysClockTo72), (8 bytes).
    Removing system_stm32f10x.o(.data.SystemCoreClock), (4 bytes).
    Removing system_stm32f10x.o(.rodata.AHBPrescTable), (16 bytes).

304 unused section(s) (total 9534 bytes) removed from the image.

==============================================================================

Image Symbol Table

    Local Symbols

    Symbol Name                              Value     Ov Type        Size  Object(Section)

    ../clib/angel/boardlib.s                 0x00000000   Number         0  boardinit1.o ABSOLUTE
    ../clib/angel/boardlib.s                 0x00000000   Number         0  boardinit2.o ABSOLUTE
    ../clib/angel/boardlib.s                 0x00000000   Number         0  boardinit3.o ABSOLUTE
    ../clib/angel/boardlib.s                 0x00000000   Number         0  boardshut.o ABSOLUTE
    ../clib/angel/handlers.s                 0x00000000   Number         0  __scatter_zi.o ABSOLUTE
    ../clib/angel/kernel.s                   0x00000000   Number         0  __rtentry.o ABSOLUTE
    ../clib/angel/kernel.s                   0x00000000   Number         0  __rtentry2.o ABSOLUTE
    ../clib/angel/kernel.s                   0x00000000   Number         0  __rtentry4.o ABSOLUTE
    ../clib/angel/kernel.s                   0x00000000   Number         0  rtexit.o ABSOLUTE
    ../clib/angel/kernel.s                   0x00000000   Number         0  rtexit2.o ABSOLUTE
    ../clib/angel/rt.s                       0x00000000   Number         0  rt_raise.o ABSOLUTE
    ../clib/angel/scatter.s                  0x00000000   Number         0  __scatter.o ABSOLUTE
    ../clib/angel/startup.s                  0x00000000   Number         0  __main.o ABSOLUTE
    ../clib/angel/sys.s                      0x00000000   Number         0  sys_stackheap_outer.o ABSOLUTE
    ../clib/angel/sys.s                      0x00000000   Number         0  libspace.o ABSOLUTE
    ../clib/angel/sys.s                      0x00000000   Number         0  use_no_semi.o ABSOLUTE
    ../clib/angel/sys.s                      0x00000000   Number         0  indicate_semi.o ABSOLUTE
    ../clib/angel/sysapp.c                   0x00000000   Number         0  sys_exit.o ABSOLUTE
    ../clib/angel/sysapp.c                   0x00000000   Number         0  sys_exit_hlt.o ABSOLUTE
    ../clib/angel/sysapp.c                   0x00000000   Number         0  sys_command.o ABSOLUTE
    ../clib/angel/sysapp.c                   0x00000000   Number         0  sys_command_hlt.o ABSOLUTE
    ../clib/angel/sysapp.c                   0x00000000   Number         0  sys_wrch.o ABSOLUTE
    ../clib/angel/sysapp.c                   0x00000000   Number         0  sys_wrch_hlt.o ABSOLUTE
    ../clib/armsys.c                         0x00000000   Number         0  argv_veneer.o ABSOLUTE
    ../clib/armsys.c                         0x00000000   Number         0  argv_veneer.o ABSOLUTE
    ../clib/armsys.c                         0x00000000   Number         0  _get_argv_nomalloc.o ABSOLUTE
    ../clib/armsys.c                         0x00000000   Number         0  no_argv.o ABSOLUTE
    ../clib/heapalloc.c                      0x00000000   Number         0  hrguard.o ABSOLUTE
    ../clib/heapaux.c                        0x00000000   Number         0  heapauxi.o ABSOLUTE
    ../clib/libinit.s                        0x00000000   Number         0  libinit.o ABSOLUTE
    ../clib/libinit.s                        0x00000000   Number         0  libinit2.o ABSOLUTE
    ../clib/libinit.s                        0x00000000   Number         0  libshutdown.o ABSOLUTE
    ../clib/libinit.s                        0x00000000   Number         0  libshutdown2.o ABSOLUTE
    ../clib/signal.c                         0x00000000   Number         0  defsig_rtmem_outer.o ABSOLUTE
    ../clib/signal.c                         0x00000000   Number         0  defsig_rtmem_formal.o ABSOLUTE
    ../clib/signal.c                         0x00000000   Number         0  defsig_exit.o ABSOLUTE
    ../clib/signal.c                         0x00000000   Number         0  defsig_rtmem_inner.o ABSOLUTE
    ../clib/signal.c                         0x00000000   Number         0  __raise.o ABSOLUTE
    ../clib/signal.c                         0x00000000   Number         0  defsig_general.o ABSOLUTE
    ../clib/signal.c                         0x00000000   Number         0  defsig_abrt_inner.o ABSOLUTE
    ../clib/signal.c                         0x00000000   Number         0  defsig_fpe_inner.o ABSOLUTE
    ../clib/signal.c                         0x00000000   Number         0  defsig_rtred_inner.o ABSOLUTE
    ../clib/signal.c                         0x00000000   Number         0  defsig_stak_inner.o ABSOLUTE
    ../clib/signal.c                         0x00000000   Number         0  defsig_pvfn_inner.o ABSOLUTE
    ../clib/signal.c                         0x00000000   Number         0  defsig_cppl_inner.o ABSOLUTE
    ../clib/signal.c                         0x00000000   Number         0  defsig_segv_inner.o ABSOLUTE
    ../clib/signal.c                         0x00000000   Number         0  defsig_other.o ABSOLUTE
    ../clib/signal.s                         0x00000000   Number         0  defsig.o ABSOLUTE
    ../clib/stdlib.c                         0x00000000   Number         0  exit.o ABSOLUTE
    ../fplib/fdiv.s                          0x00000000   Number         0  fdiv.o ABSOLUTE
    ../fplib/ffix.s                          0x00000000   Number         0  ffix.o ABSOLUTE
    ../fplib/fflt.s                          0x00000000   Number         0  fflt_clz.o ABSOLUTE
    ../fplib/fmul.s                          0x00000000   Number         0  fmul.o ABSOLUTE
    ../fplib/fnaninf.s                       0x00000000   Number         0  fnaninf.o ABSOLUTE
    ../fplib/fpinit.s                        0x00000000   Number         0  fpinit.o ABSOLUTE
    ../fplib/fpinit_empty.s                  0x00000000   Number         0  fpinit_empty.o ABSOLUTE
    ../fplib/fretinf.s                       0x00000000   Number         0  fretinf.o ABSOLUTE
    ../fplib/usenofp.s                       0x00000000   Number         0  usenofp.o ABSOLUTE
    Adc.c                                    0x00000000   Number         0  adc.o ABSOLUTE
    Afio.c                                   0x00000000   Number         0  afio.o ABSOLUTE
    Encoder.c                                0x00000000   Number         0  encoder.o ABSOLUTE
    Gpio.c                                   0x00000000   Number         0  gpio.o ABSOLUTE
    Infrared.c                               0x00000000   Number         0  infrared.o ABSOLUTE
    InfraredTask.c                           0x00000000   Number         0  infraredtask.o ABSOLUTE
    Lcd.c                                    0x00000000   Number         0  lcd.o ABSOLUTE
    LcdTask.c                                0x00000000   Number         0  lcdtask.o ABSOLUTE
    Led.c                                    0x00000000   Number         0  led.o ABSOLUTE
    LedTask.c                                0x00000000   Number         0  ledtask.o ABSOLUTE
    Motor.c                                  0x00000000   Number         0  motor.o ABSOLUTE
    Nrf.c                                    0x00000000   Number         0  nrf.o ABSOLUTE
    NrfTask.c                                0x00000000   Number         0  nrftask.o ABSOLUTE
    Pid.c                                    0x00000000   Number         0  pid.o ABSOLUTE
    RTE/Device/STM32F103C8/startup_stm32f10x_md.s 0x00000000   Number         0  startup_stm32f10x_md.o ABSOLUTE
    Rcc.c                                    0x00000000   Number         0  rcc.o ABSOLUTE
    Scheduler.c                              0x00000000   Number         0  scheduler.o ABSOLUTE
    SchedulerConfig.c                        0x00000000   Number         0  schedulerconfig.o ABSOLUTE
    Spi.c                                    0x00000000   Number         0  spi.o ABSOLUTE
    Station.c                                0x00000000   Number         0  station.o ABSOLUTE
    Timer.c                                  0x00000000   Number         0  timer.o ABSOLUTE
    Train.c                                  0x00000000   Number         0  train.o ABSOLUTE
    dc.s                                     0x00000000   Number         0  dc.o ABSOLUTE
    main.c                                   0x00000000   Number         0  main.o ABSOLUTE
    system_stm32f10x.c                       0x00000000   Number         0  system_stm32f10x.o ABSOLUTE
    RESET                                    0x08000000   Section      236  startup_stm32f10x_md.o(RESET)
    !!!main                                  0x080000ec   Section        8  __main.o(!!!main)
    !!!scatter                               0x080000f4   Section       52  __scatter.o(!!!scatter)
    !!handler_zi                             0x08000128   Section       28  __scatter_zi.o(!!handler_zi)
    .ARM.Collect$$libinit$$00000000          0x08000144   Section        2  libinit.o(.ARM.Collect$$libinit$$00000000)
    .ARM.Collect$$libinit$$00000002          0x08000146   Section        0  libinit2.o(.ARM.Collect$$libinit$$00000002)
    .ARM.Collect$$libinit$$00000004          0x08000146   Section        0  libinit2.o(.ARM.Collect$$libinit$$00000004)
    .ARM.Collect$$libinit$$0000000A          0x08000146   Section        0  libinit2.o(.ARM.Collect$$libinit$$0000000A)
    .ARM.Collect$$libinit$$0000000C          0x08000146   Section        0  libinit2.o(.ARM.Collect$$libinit$$0000000C)
    .ARM.Collect$$libinit$$0000000E          0x08000146   Section        0  libinit2.o(.ARM.Collect$$libinit$$0000000E)
    .ARM.Collect$$libinit$$00000011          0x08000146   Section        0  libinit2.o(.ARM.Collect$$libinit$$00000011)
    .ARM.Collect$$libinit$$00000013          0x08000146   Section        0  libinit2.o(.ARM.Collect$$libinit$$00000013)
    .ARM.Collect$$libinit$$00000015          0x08000146   Section        0  libinit2.o(.ARM.Collect$$libinit$$00000015)
    .ARM.Collect$$libinit$$00000017          0x08000146   Section        0  libinit2.o(.ARM.Collect$$libinit$$00000017)
    .ARM.Collect$$libinit$$00000019          0x08000146   Section        0  libinit2.o(.ARM.Collect$$libinit$$00000019)
    .ARM.Collect$$libinit$$0000001B          0x08000146   Section        0  libinit2.o(.ARM.Collect$$libinit$$0000001B)
    .ARM.Collect$$libinit$$0000001D          0x08000146   Section        0  libinit2.o(.ARM.Collect$$libinit$$0000001D)
    .ARM.Collect$$libinit$$0000001F          0x08000146   Section        0  libinit2.o(.ARM.Collect$$libinit$$0000001F)
    .ARM.Collect$$libinit$$00000021          0x08000146   Section        0  libinit2.o(.ARM.Collect$$libinit$$00000021)
    .ARM.Collect$$libinit$$00000023          0x08000146   Section        0  libinit2.o(.ARM.Collect$$libinit$$00000023)
    .ARM.Collect$$libinit$$00000025          0x08000146   Section        0  libinit2.o(.ARM.Collect$$libinit$$00000025)
    .ARM.Collect$$libinit$$0000002C          0x08000146   Section        0  libinit2.o(.ARM.Collect$$libinit$$0000002C)
    .ARM.Collect$$libinit$$0000002E          0x08000146   Section        0  libinit2.o(.ARM.Collect$$libinit$$0000002E)
    .ARM.Collect$$libinit$$00000030          0x08000146   Section        0  libinit2.o(.ARM.Collect$$libinit$$00000030)
    .ARM.Collect$$libinit$$00000032          0x08000146   Section        0  libinit2.o(.ARM.Collect$$libinit$$00000032)
    .ARM.Collect$$libinit$$00000033          0x08000146   Section        2  libinit2.o(.ARM.Collect$$libinit$$00000033)
    .ARM.Collect$$libshutdown$$00000000      0x08000148   Section        2  libshutdown.o(.ARM.Collect$$libshutdown$$00000000)
    .ARM.Collect$$libshutdown$$00000002      0x0800014a   Section        0  libshutdown2.o(.ARM.Collect$$libshutdown$$00000002)
    .ARM.Collect$$libshutdown$$00000004      0x0800014a   Section        0  libshutdown2.o(.ARM.Collect$$libshutdown$$00000004)
    .ARM.Collect$$libshutdown$$00000007      0x0800014a   Section        0  libshutdown2.o(.ARM.Collect$$libshutdown$$00000007)
    .ARM.Collect$$libshutdown$$0000000A      0x0800014a   Section        0  libshutdown2.o(.ARM.Collect$$libshutdown$$0000000A)
    .ARM.Collect$$libshutdown$$0000000C      0x0800014a   Section        0  libshutdown2.o(.ARM.Collect$$libshutdown$$0000000C)
    .ARM.Collect$$libshutdown$$0000000F      0x0800014a   Section        0  libshutdown2.o(.ARM.Collect$$libshutdown$$0000000F)
    .ARM.Collect$$libshutdown$$00000010      0x0800014a   Section        2  libshutdown2.o(.ARM.Collect$$libshutdown$$00000010)
    .ARM.Collect$$rtentry$$00000000          0x0800014c   Section        0  __rtentry.o(.ARM.Collect$$rtentry$$00000000)
    .ARM.Collect$$rtentry$$00000002          0x0800014c   Section        0  __rtentry2.o(.ARM.Collect$$rtentry$$00000002)
    .ARM.Collect$$rtentry$$00000004          0x0800014c   Section        6  __rtentry4.o(.ARM.Collect$$rtentry$$00000004)
    .ARM.Collect$$rtentry$$00000009          0x08000152   Section        0  __rtentry2.o(.ARM.Collect$$rtentry$$00000009)
    .ARM.Collect$$rtentry$$0000000A          0x08000152   Section        4  __rtentry2.o(.ARM.Collect$$rtentry$$0000000A)
    .ARM.Collect$$rtentry$$0000000C          0x08000156   Section        0  __rtentry2.o(.ARM.Collect$$rtentry$$0000000C)
    .ARM.Collect$$rtentry$$0000000D          0x08000156   Section        8  __rtentry2.o(.ARM.Collect$$rtentry$$0000000D)
    .ARM.Collect$$rtexit$$00000000           0x0800015e   Section        2  rtexit.o(.ARM.Collect$$rtexit$$00000000)
    .ARM.Collect$$rtexit$$00000002           0x08000160   Section        0  rtexit2.o(.ARM.Collect$$rtexit$$00000002)
    .ARM.Collect$$rtexit$$00000003           0x08000160   Section        4  rtexit2.o(.ARM.Collect$$rtexit$$00000003)
    .ARM.Collect$$rtexit$$00000004           0x08000164   Section        6  rtexit2.o(.ARM.Collect$$rtexit$$00000004)
    .text                                    0x0800016c   Section       64  startup_stm32f10x_md.o(.text)
    .text                                    0x080001ac   Section        0  heapauxi.o(.text)
    .text                                    0x080001b2   Section       74  sys_stackheap_outer.o(.text)
    .text                                    0x080001fc   Section        0  exit.o(.text)
    .text                                    0x08000210   Section        8  libspace.o(.text)
    .text                                    0x08000218   Section        0  sys_exit.o(.text)
    .text                                    0x08000224   Section        2  use_no_semi.o(.text)
    .text                                    0x08000226   Section        0  indicate_semi.o(.text)
    [Anonymous Symbol]                       0x08000228   Section        0  scheduler.o(.text.Scheduler_update)
    SetSysClock                              0x08000269   Thumb Code     8  system_stm32f10x.o(.text.SetSysClock)
    [Anonymous Symbol]                       0x08000268   Section        0  system_stm32f10x.o(.text.SetSysClock)
    SetSysClockTo72                          0x08000271   Thumb Code   190  system_stm32f10x.o(.text.SetSysClockTo72)
    [Anonymous Symbol]                       0x08000270   Section        0  system_stm32f10x.o(.text.SetSysClockTo72)
    [Anonymous Symbol]                       0x08000330   Section        0  main.o(.text.SysTick_Handler)
    [Anonymous Symbol]                       0x08000338   Section        0  system_stm32f10x.o(.text.SystemInit)
    [Anonymous Symbol]                       0x08000390   Section        0  main.o(.text.main)
    .bss                                     0x20000000   Section       96  libspace.o(.bss)
    scheduler                                0x20000060   Data         168  scheduler.o(.bss.scheduler)
    [Anonymous Symbol]                       0x20000060   Section        0  scheduler.o(.bss.scheduler)
    Heap_Mem                                 0x20000108   Data         512  startup_stm32f10x_md.o(HEAP)
    HEAP                                     0x20000108   Section      512  startup_stm32f10x_md.o(HEAP)
    Stack_Mem                                0x20000308   Data        1024  startup_stm32f10x_md.o(STACK)
    STACK                                    0x20000308   Section     1024  startup_stm32f10x_md.o(STACK)
    __initial_sp                             0x20000708   Data           0  startup_stm32f10x_md.o(STACK)

    Global Symbols

    Symbol Name                              Value     Ov Type        Size  Object(Section)

    BuildAttributes$$THM_ISAv4$P$D$K$B$S$PE$A:L22UL41UL21$X:L11$S22US41US21$IEEE1$IW$~IW$USESV6$~STKCKD$USESV7$~SHL$OTIME$ROPI$EBA8$UX$STANDARDLIB$REQ8$PRES8$EABIv2 0x00000000   Number         0  anon$$obj.o ABSOLUTE
    __fp_init_empty                          0x00000000   Number         0  fpinit_empty.o ABSOLUTE
    __ARM_exceptions_init                     - Undefined Weak Reference
    __alloca_initialize                       - Undefined Weak Reference
    __arm_preinit_                            - Undefined Weak Reference
    __cpp_initialize__aeabi_                  - Undefined Weak Reference
    __cxa_finalize                            - Undefined Weak Reference
    __rt_locale                               - Undefined Weak Reference
    __sigvec_lookup                           - Undefined Weak Reference
    _atexit_init                              - Undefined Weak Reference
    _call_atexit_fns                          - Undefined Weak Reference
    _clock_init                               - Undefined Weak Reference
    _fp_trap_init                             - Undefined Weak Reference
    _fp_trap_shutdown                         - Undefined Weak Reference
    _get_lc_collate                           - Undefined Weak Reference
    _get_lc_ctype                             - Undefined Weak Reference
    _get_lc_monetary                          - Undefined Weak Reference
    _get_lc_numeric                           - Undefined Weak Reference
    _get_lc_time                              - Undefined Weak Reference
    _getenv_init                              - Undefined Weak Reference
    _handle_redirection                       - Undefined Weak Reference
    _init_alloc                               - Undefined Weak Reference
    _init_user_alloc                          - Undefined Weak Reference
    _initio                                   - Undefined Weak Reference
    _rand_init                                - Undefined Weak Reference
    _signal_finish                            - Undefined Weak Reference
    _signal_init                              - Undefined Weak Reference
    _terminate_alloc                          - Undefined Weak Reference
    _terminate_user_alloc                     - Undefined Weak Reference
    _terminateio                              - Undefined Weak Reference
    __Vectors_Size                           0x000000ec   Number         0  startup_stm32f10x_md.o ABSOLUTE
    __Vectors                                0x08000000   Data           4  startup_stm32f10x_md.o(RESET)
    __Vectors_End                            0x080000ec   Data           0  startup_stm32f10x_md.o(RESET)
    __main                                   0x080000ed   Thumb Code     8  __main.o(!!!main)
    __scatterload                            0x080000f5   Thumb Code     0  __scatter.o(!!!scatter)
    __scatterload_rt2                        0x080000f5   Thumb Code    44  __scatter.o(!!!scatter)
    __scatterload_rt2_thumb_only             0x080000f5   Thumb Code     0  __scatter.o(!!!scatter)
    __scatterload_null                       0x08000103   Thumb Code     0  __scatter.o(!!!scatter)
    __scatterload_zeroinit                   0x08000129   Thumb Code    28  __scatter_zi.o(!!handler_zi)
    __rt_lib_init                            0x08000145   Thumb Code     0  libinit.o(.ARM.Collect$$libinit$$00000000)
    __rt_lib_init_alloca_1                   0x08000147   Thumb Code     0  libinit2.o(.ARM.Collect$$libinit$$0000002E)
    __rt_lib_init_argv_1                     0x08000147   Thumb Code     0  libinit2.o(.ARM.Collect$$libinit$$0000002C)
    __rt_lib_init_atexit_1                   0x08000147   Thumb Code     0  libinit2.o(.ARM.Collect$$libinit$$0000001B)
    __rt_lib_init_clock_1                    0x08000147   Thumb Code     0  libinit2.o(.ARM.Collect$$libinit$$00000021)
    __rt_lib_init_cpp_1                      0x08000147   Thumb Code     0  libinit2.o(.ARM.Collect$$libinit$$00000032)
    __rt_lib_init_exceptions_1               0x08000147   Thumb Code     0  libinit2.o(.ARM.Collect$$libinit$$00000030)
    __rt_lib_init_fp_1                       0x08000147   Thumb Code     0  libinit2.o(.ARM.Collect$$libinit$$00000002)
    __rt_lib_init_fp_trap_1                  0x08000147   Thumb Code     0  libinit2.o(.ARM.Collect$$libinit$$0000001F)
    __rt_lib_init_getenv_1                   0x08000147   Thumb Code     0  libinit2.o(.ARM.Collect$$libinit$$00000023)
    __rt_lib_init_heap_1                     0x08000147   Thumb Code     0  libinit2.o(.ARM.Collect$$libinit$$0000000A)
    __rt_lib_init_lc_collate_1               0x08000147   Thumb Code     0  libinit2.o(.ARM.Collect$$libinit$$00000011)
    __rt_lib_init_lc_ctype_1                 0x08000147   Thumb Code     0  libinit2.o(.ARM.Collect$$libinit$$00000013)
    __rt_lib_init_lc_monetary_1              0x08000147   Thumb Code     0  libinit2.o(.ARM.Collect$$libinit$$00000015)
    __rt_lib_init_lc_numeric_1               0x08000147   Thumb Code     0  libinit2.o(.ARM.Collect$$libinit$$00000017)
    __rt_lib_init_lc_time_1                  0x08000147   Thumb Code     0  libinit2.o(.ARM.Collect$$libinit$$00000019)
    __rt_lib_init_preinit_1                  0x08000147   Thumb Code     0  libinit2.o(.ARM.Collect$$libinit$$00000004)
    __rt_lib_init_rand_1                     0x08000147   Thumb Code     0  libinit2.o(.ARM.Collect$$libinit$$0000000E)
    __rt_lib_init_return                     0x08000147   Thumb Code     0  libinit2.o(.ARM.Collect$$libinit$$00000033)
    __rt_lib_init_signal_1                   0x08000147   Thumb Code     0  libinit2.o(.ARM.Collect$$libinit$$0000001D)
    __rt_lib_init_stdio_1                    0x08000147   Thumb Code     0  libinit2.o(.ARM.Collect$$libinit$$00000025)
    __rt_lib_init_user_alloc_1               0x08000147   Thumb Code     0  libinit2.o(.ARM.Collect$$libinit$$0000000C)
    __rt_lib_shutdown                        0x08000149   Thumb Code     0  libshutdown.o(.ARM.Collect$$libshutdown$$00000000)
    __rt_lib_shutdown_cpp_1                  0x0800014b   Thumb Code     0  libshutdown2.o(.ARM.Collect$$libshutdown$$00000002)
    __rt_lib_shutdown_fp_trap_1              0x0800014b   Thumb Code     0  libshutdown2.o(.ARM.Collect$$libshutdown$$00000007)
    __rt_lib_shutdown_heap_1                 0x0800014b   Thumb Code     0  libshutdown2.o(.ARM.Collect$$libshutdown$$0000000F)
    __rt_lib_shutdown_return                 0x0800014b   Thumb Code     0  libshutdown2.o(.ARM.Collect$$libshutdown$$00000010)
    __rt_lib_shutdown_signal_1               0x0800014b   Thumb Code     0  libshutdown2.o(.ARM.Collect$$libshutdown$$0000000A)
    __rt_lib_shutdown_stdio_1                0x0800014b   Thumb Code     0  libshutdown2.o(.ARM.Collect$$libshutdown$$00000004)
    __rt_lib_shutdown_user_alloc_1           0x0800014b   Thumb Code     0  libshutdown2.o(.ARM.Collect$$libshutdown$$0000000C)
    __rt_entry                               0x0800014d   Thumb Code     0  __rtentry.o(.ARM.Collect$$rtentry$$00000000)
    __rt_entry_presh_1                       0x0800014d   Thumb Code     0  __rtentry2.o(.ARM.Collect$$rtentry$$00000002)
    __rt_entry_sh                            0x0800014d   Thumb Code     0  __rtentry4.o(.ARM.Collect$$rtentry$$00000004)
    __rt_entry_li                            0x08000153   Thumb Code     0  __rtentry2.o(.ARM.Collect$$rtentry$$0000000A)
    __rt_entry_postsh_1                      0x08000153   Thumb Code     0  __rtentry2.o(.ARM.Collect$$rtentry$$00000009)
    __rt_entry_main                          0x08000157   Thumb Code     0  __rtentry2.o(.ARM.Collect$$rtentry$$0000000D)
    __rt_entry_postli_1                      0x08000157   Thumb Code     0  __rtentry2.o(.ARM.Collect$$rtentry$$0000000C)
    __rt_exit                                0x0800015f   Thumb Code     0  rtexit.o(.ARM.Collect$$rtexit$$00000000)
    __rt_exit_ls                             0x08000161   Thumb Code     0  rtexit2.o(.ARM.Collect$$rtexit$$00000003)
    __rt_exit_prels_1                        0x08000161   Thumb Code     0  rtexit2.o(.ARM.Collect$$rtexit$$00000002)
    __rt_exit_exit                           0x08000165   Thumb Code     0  rtexit2.o(.ARM.Collect$$rtexit$$00000004)
    Reset_Handler                            0x0800016d   Thumb Code     8  startup_stm32f10x_md.o(.text)
    NMI_Handler                              0x08000175   Thumb Code     2  startup_stm32f10x_md.o(.text)
    HardFault_Handler                        0x08000177   Thumb Code     2  startup_stm32f10x_md.o(.text)
    MemManage_Handler                        0x08000179   Thumb Code     2  startup_stm32f10x_md.o(.text)
    BusFault_Handler                         0x0800017b   Thumb Code     2  startup_stm32f10x_md.o(.text)
    UsageFault_Handler                       0x0800017d   Thumb Code     2  startup_stm32f10x_md.o(.text)
    SVC_Handler                              0x0800017f   Thumb Code     2  startup_stm32f10x_md.o(.text)
    DebugMon_Handler                         0x08000181   Thumb Code     2  startup_stm32f10x_md.o(.text)
    PendSV_Handler                           0x08000183   Thumb Code     2  startup_stm32f10x_md.o(.text)
    ADC1_2_IRQHandler                        0x08000187   Thumb Code     0  startup_stm32f10x_md.o(.text)
    CAN1_RX1_IRQHandler                      0x08000187   Thumb Code     0  startup_stm32f10x_md.o(.text)
    CAN1_SCE_IRQHandler                      0x08000187   Thumb Code     0  startup_stm32f10x_md.o(.text)
    DMA1_Channel1_IRQHandler                 0x08000187   Thumb Code     0  startup_stm32f10x_md.o(.text)
    DMA1_Channel2_IRQHandler                 0x08000187   Thumb Code     0  startup_stm32f10x_md.o(.text)
    DMA1_Channel3_IRQHandler                 0x08000187   Thumb Code     0  startup_stm32f10x_md.o(.text)
    DMA1_Channel4_IRQHandler                 0x08000187   Thumb Code     0  startup_stm32f10x_md.o(.text)
    DMA1_Channel5_IRQHandler                 0x08000187   Thumb Code     0  startup_stm32f10x_md.o(.text)
    DMA1_Channel6_IRQHandler                 0x08000187   Thumb Code     0  startup_stm32f10x_md.o(.text)
    DMA1_Channel7_IRQHandler                 0x08000187   Thumb Code     0  startup_stm32f10x_md.o(.text)
    EXTI0_IRQHandler                         0x08000187   Thumb Code     0  startup_stm32f10x_md.o(.text)
    EXTI15_10_IRQHandler                     0x08000187   Thumb Code     0  startup_stm32f10x_md.o(.text)
    EXTI1_IRQHandler                         0x08000187   Thumb Code     0  startup_stm32f10x_md.o(.text)
    EXTI2_IRQHandler                         0x08000187   Thumb Code     0  startup_stm32f10x_md.o(.text)
    EXTI3_IRQHandler                         0x08000187   Thumb Code     0  startup_stm32f10x_md.o(.text)
    EXTI4_IRQHandler                         0x08000187   Thumb Code     0  startup_stm32f10x_md.o(.text)
    EXTI9_5_IRQHandler                       0x08000187   Thumb Code     0  startup_stm32f10x_md.o(.text)
    FLASH_IRQHandler                         0x08000187   Thumb Code     0  startup_stm32f10x_md.o(.text)
    I2C1_ER_IRQHandler                       0x08000187   Thumb Code     0  startup_stm32f10x_md.o(.text)
    I2C1_EV_IRQHandler                       0x08000187   Thumb Code     0  startup_stm32f10x_md.o(.text)
    I2C2_ER_IRQHandler                       0x08000187   Thumb Code     0  startup_stm32f10x_md.o(.text)
    I2C2_EV_IRQHandler                       0x08000187   Thumb Code     0  startup_stm32f10x_md.o(.text)
    PVD_IRQHandler                           0x08000187   Thumb Code     0  startup_stm32f10x_md.o(.text)
    RCC_IRQHandler                           0x08000187   Thumb Code     0  startup_stm32f10x_md.o(.text)
    RTCAlarm_IRQHandler                      0x08000187   Thumb Code     0  startup_stm32f10x_md.o(.text)
    RTC_IRQHandler                           0x08000187   Thumb Code     0  startup_stm32f10x_md.o(.text)
    SPI1_IRQHandler                          0x08000187   Thumb Code     0  startup_stm32f10x_md.o(.text)
    SPI2_IRQHandler                          0x08000187   Thumb Code     0  startup_stm32f10x_md.o(.text)
    TAMPER_IRQHandler                        0x08000187   Thumb Code     0  startup_stm32f10x_md.o(.text)
    TIM1_BRK_IRQHandler                      0x08000187   Thumb Code     0  startup_stm32f10x_md.o(.text)
    TIM1_CC_IRQHandler                       0x08000187   Thumb Code     0  startup_stm32f10x_md.o(.text)
    TIM1_TRG_COM_IRQHandler                  0x08000187   Thumb Code     0  startup_stm32f10x_md.o(.text)
    TIM1_UP_IRQHandler                       0x08000187   Thumb Code     0  startup_stm32f10x_md.o(.text)
    TIM2_IRQHandler                          0x08000187   Thumb Code     0  startup_stm32f10x_md.o(.text)
    TIM3_IRQHandler                          0x08000187   Thumb Code     0  startup_stm32f10x_md.o(.text)
    TIM4_IRQHandler                          0x08000187   Thumb Code     0  startup_stm32f10x_md.o(.text)
    USART1_IRQHandler                        0x08000187   Thumb Code     0  startup_stm32f10x_md.o(.text)
    USART2_IRQHandler                        0x08000187   Thumb Code     0  startup_stm32f10x_md.o(.text)
    USART3_IRQHandler                        0x08000187   Thumb Code     0  startup_stm32f10x_md.o(.text)
    USBWakeUp_IRQHandler                     0x08000187   Thumb Code     0  startup_stm32f10x_md.o(.text)
    USB_HP_CAN1_TX_IRQHandler                0x08000187   Thumb Code     0  startup_stm32f10x_md.o(.text)
    USB_LP_CAN1_RX0_IRQHandler               0x08000187   Thumb Code     0  startup_stm32f10x_md.o(.text)
    WWDG_IRQHandler                          0x08000187   Thumb Code     0  startup_stm32f10x_md.o(.text)
    __user_initial_stackheap                 0x08000189   Thumb Code     0  startup_stm32f10x_md.o(.text)
    __use_two_region_memory                  0x080001ad   Thumb Code     2  heapauxi.o(.text)
    __rt_heap_escrow$2region                 0x080001af   Thumb Code     2  heapauxi.o(.text)
    __rt_heap_expand$2region                 0x080001b1   Thumb Code     2  heapauxi.o(.text)
    __user_setup_stackheap                   0x080001b3   Thumb Code    74  sys_stackheap_outer.o(.text)
    exit                                     0x080001fd   Thumb Code    18  exit.o(.text)
    __user_libspace                          0x08000211   Thumb Code     8  libspace.o(.text)
    __user_perproc_libspace                  0x08000211   Thumb Code     0  libspace.o(.text)
    __user_perthread_libspace                0x08000211   Thumb Code     0  libspace.o(.text)
    _sys_exit                                0x08000219   Thumb Code     8  sys_exit.o(.text)
    __I$use$semihosting                      0x08000225   Thumb Code     0  use_no_semi.o(.text)
    __use_no_semihosting_swi                 0x08000225   Thumb Code     2  use_no_semi.o(.text)
    __semihosting_library_function           0x08000227   Thumb Code     0  indicate_semi.o(.text)
    Scheduler_update                         0x08000229   Thumb Code    64  scheduler.o(.text.Scheduler_update)
    SysTick_Handler                          0x08000331   Thumb Code     8  main.o(.text.SysTick_Handler)
    SystemInit                               0x08000339   Thumb Code    86  system_stm32f10x.o(.text.SystemInit)
    main                                     0x08000391   Thumb Code     4  main.o(.text.main)
    Region$$Table$$Base                      0x08000394   Number         0  anon$$obj.o(Region$$Table)
    Region$$Table$$Limit                     0x080003a4   Number         0  anon$$obj.o(Region$$Table)
    __libspace_start                         0x20000000   Data          96  libspace.o(.bss)
    __temporary_stack_top$libspace           0x20000060   Data           0  libspace.o(.bss)



==============================================================================

Memory Map of the image

  Image Entry point : 0x0800016d

  Load Region LR_1 (Base: 0x08000000, Size: 0x000003a4, Max: 0xffffffff, ABSOLUTE)

    Execution Region ER_RO (Exec base: 0x08000000, Load base: 0x08000000, Size: 0x000003a4, Max: 0xffffffff, ABSOLUTE)

    Exec Addr    Load Addr    Size         Type   Attr      Idx    E Section Name        Object

    0x08000000   0x08000000   0x000000ec   Data   RO          454    RESET               startup_stm32f10x_md.o
    0x080000ec   0x080000ec   0x00000008   Code   RO          483  * !!!main             c_w.l(__main.o)
    0x080000f4   0x080000f4   0x00000034   Code   RO          667    !!!scatter          c_w.l(__scatter.o)
    0x08000128   0x08000128   0x0000001c   Code   RO          669    !!handler_zi        c_w.l(__scatter_zi.o)
    0x08000144   0x08000144   0x00000002   Code   RO          531    .ARM.Collect$$libinit$$00000000  c_w.l(libinit.o)
    0x08000146   0x08000146   0x00000000   Code   RO          538    .ARM.Collect$$libinit$$00000002  c_w.l(libinit2.o)
    0x08000146   0x08000146   0x00000000   Code   RO          540    .ARM.Collect$$libinit$$00000004  c_w.l(libinit2.o)
    0x08000146   0x08000146   0x00000000   Code   RO          543    .ARM.Collect$$libinit$$0000000A  c_w.l(libinit2.o)
    0x08000146   0x08000146   0x00000000   Code   RO          545    .ARM.Collect$$libinit$$0000000C  c_w.l(libinit2.o)
    0x08000146   0x08000146   0x00000000   Code   RO          547    .ARM.Collect$$libinit$$0000000E  c_w.l(libinit2.o)
    0x08000146   0x08000146   0x00000000   Code   RO          550    .ARM.Collect$$libinit$$00000011  c_w.l(libinit2.o)
    0x08000146   0x08000146   0x00000000   Code   RO          552    .ARM.Collect$$libinit$$00000013  c_w.l(libinit2.o)
    0x08000146   0x08000146   0x00000000   Code   RO          554    .ARM.Collect$$libinit$$00000015  c_w.l(libinit2.o)
    0x08000146   0x08000146   0x00000000   Code   RO          556    .ARM.Collect$$libinit$$00000017  c_w.l(libinit2.o)
    0x08000146   0x08000146   0x00000000   Code   RO          558    .ARM.Collect$$libinit$$00000019  c_w.l(libinit2.o)
    0x08000146   0x08000146   0x00000000   Code   RO          560    .ARM.Collect$$libinit$$0000001B  c_w.l(libinit2.o)
    0x08000146   0x08000146   0x00000000   Code   RO          562    .ARM.Collect$$libinit$$0000001D  c_w.l(libinit2.o)
    0x08000146   0x08000146   0x00000000   Code   RO          564    .ARM.Collect$$libinit$$0000001F  c_w.l(libinit2.o)
    0x08000146   0x08000146   0x00000000   Code   RO          566    .ARM.Collect$$libinit$$00000021  c_w.l(libinit2.o)
    0x08000146   0x08000146   0x00000000   Code   RO          568    .ARM.Collect$$libinit$$00000023  c_w.l(libinit2.o)
    0x08000146   0x08000146   0x00000000   Code   RO          570    .ARM.Collect$$libinit$$00000025  c_w.l(libinit2.o)
    0x08000146   0x08000146   0x00000000   Code   RO          574    .ARM.Collect$$libinit$$0000002C  c_w.l(libinit2.o)
    0x08000146   0x08000146   0x00000000   Code   RO          576    .ARM.Collect$$libinit$$0000002E  c_w.l(libinit2.o)
    0x08000146   0x08000146   0x00000000   Code   RO          578    .ARM.Collect$$libinit$$00000030  c_w.l(libinit2.o)
    0x08000146   0x08000146   0x00000000   Code   RO          580    .ARM.Collect$$libinit$$00000032  c_w.l(libinit2.o)
    0x08000146   0x08000146   0x00000002   Code   RO          581    .ARM.Collect$$libinit$$00000033  c_w.l(libinit2.o)
    0x08000148   0x08000148   0x00000002   Code   RO          603    .ARM.Collect$$libshutdown$$00000000  c_w.l(libshutdown.o)
    0x0800014a   0x0800014a   0x00000000   Code   RO          618    .ARM.Collect$$libshutdown$$00000002  c_w.l(libshutdown2.o)
    0x0800014a   0x0800014a   0x00000000   Code   RO          620    .ARM.Collect$$libshutdown$$00000004  c_w.l(libshutdown2.o)
    0x0800014a   0x0800014a   0x00000000   Code   RO          623    .ARM.Collect$$libshutdown$$00000007  c_w.l(libshutdown2.o)
    0x0800014a   0x0800014a   0x00000000   Code   RO          626    .ARM.Collect$$libshutdown$$0000000A  c_w.l(libshutdown2.o)
    0x0800014a   0x0800014a   0x00000000   Code   RO          628    .ARM.Collect$$libshutdown$$0000000C  c_w.l(libshutdown2.o)
    0x0800014a   0x0800014a   0x00000000   Code   RO          631    .ARM.Collect$$libshutdown$$0000000F  c_w.l(libshutdown2.o)
    0x0800014a   0x0800014a   0x00000002   Code   RO          632    .ARM.Collect$$libshutdown$$00000010  c_w.l(libshutdown2.o)
    0x0800014c   0x0800014c   0x00000000   Code   RO          501    .ARM.Collect$$rtentry$$00000000  c_w.l(__rtentry.o)
    0x0800014c   0x0800014c   0x00000000   Code   RO          508    .ARM.Collect$$rtentry$$00000002  c_w.l(__rtentry2.o)
    0x0800014c   0x0800014c   0x00000006   Code   RO          520    .ARM.Collect$$rtentry$$00000004  c_w.l(__rtentry4.o)
    0x08000152   0x08000152   0x00000000   Code   RO          510    .ARM.Collect$$rtentry$$00000009  c_w.l(__rtentry2.o)
    0x08000152   0x08000152   0x00000004   Code   RO          511    .ARM.Collect$$rtentry$$0000000A  c_w.l(__rtentry2.o)
    0x08000156   0x08000156   0x00000000   Code   RO          513    .ARM.Collect$$rtentry$$0000000C  c_w.l(__rtentry2.o)
    0x08000156   0x08000156   0x00000008   Code   RO          514    .ARM.Collect$$rtentry$$0000000D  c_w.l(__rtentry2.o)
    0x0800015e   0x0800015e   0x00000002   Code   RO          535    .ARM.Collect$$rtexit$$00000000  c_w.l(rtexit.o)
    0x08000160   0x08000160   0x00000000   Code   RO          583    .ARM.Collect$$rtexit$$00000002  c_w.l(rtexit2.o)
    0x08000160   0x08000160   0x00000004   Code   RO          584    .ARM.Collect$$rtexit$$00000003  c_w.l(rtexit2.o)
    0x08000164   0x08000164   0x00000006   Code   RO          585    .ARM.Collect$$rtexit$$00000004  c_w.l(rtexit2.o)
    0x0800016a   0x0800016a   0x00000002   PAD
    0x0800016c   0x0800016c   0x00000040   Code   RO          455  * .text               startup_stm32f10x_md.o
    0x080001ac   0x080001ac   0x00000006   Code   RO          481    .text               c_w.l(heapauxi.o)
    0x080001b2   0x080001b2   0x0000004a   Code   RO          522    .text               c_w.l(sys_stackheap_outer.o)
    0x080001fc   0x080001fc   0x00000012   Code   RO          524    .text               c_w.l(exit.o)
    0x0800020e   0x0800020e   0x00000002   PAD
    0x08000210   0x08000210   0x00000008   Code   RO          532    .text               c_w.l(libspace.o)
    0x08000218   0x08000218   0x0000000c   Code   RO          593    .text               c_w.l(sys_exit.o)
    0x08000224   0x08000224   0x00000002   Code   RO          608    .text               c_w.l(use_no_semi.o)
    0x08000226   0x08000226   0x00000000   Code   RO          610    .text               c_w.l(indicate_semi.o)
    0x08000226   0x08000226   0x00000002   PAD
    0x08000228   0x08000228   0x00000040   Code   RO           58    .text.Scheduler_update  scheduler.o
    0x08000268   0x08000268   0x00000008   Code   RO          464    .text.SetSysClock   system_stm32f10x.o
    0x08000270   0x08000270   0x000000be   Code   RO          468    .text.SetSysClockTo72  system_stm32f10x.o
    0x0800032e   0x0800032e   0x00000002   PAD
    0x08000330   0x08000330   0x00000008   Code   RO            2    .text.SysTick_Handler  main.o
    0x08000338   0x08000338   0x00000056   Code   RO          462    .text.SystemInit    system_stm32f10x.o
    0x0800038e   0x0800038e   0x00000002   PAD
    0x08000390   0x08000390   0x00000004   Code   RO            4    .text.main          main.o
    0x08000394   0x08000394   0x00000010   Data   RO          666    Region$$Table       anon$$obj.o


    Execution Region ER_RW (Exec base: 0x20000000, Load base: 0x080003a4, Size: 0x00000000, Max: 0xffffffff, ABSOLUTE)

    **** No section assigned to this execution region ****


    Execution Region ER_ZI (Exec base: 0x20000000, Load base: 0x080003a4, Size: 0x00000708, Max: 0xffffffff, ABSOLUTE)

    Exec Addr    Load Addr    Size         Type   Attr      Idx    E Section Name        Object

    0x20000000        -       0x00000060   Zero   RW          533    .bss                c_w.l(libspace.o)
    0x20000060        -       0x000000a8   Zero   RW           62    .bss.scheduler      scheduler.o
    0x20000108        -       0x00000200   Zero   RW          453    HEAP                startup_stm32f10x_md.o
    0x20000308        -       0x00000400   Zero   RW          452    STACK               startup_stm32f10x_md.o


==============================================================================

Image component sizes


      Code (inc. data)   RO Data    RW Data    ZI Data      Debug   Object Name

        12          0          0          0          0       2919   main.o
        64          0          0          0        168       2392   scheduler.o
        64         26        236          0       1536        836   startup_stm32f10x_md.o
       284          0          0          0          0       2826   system_stm32f10x.o

    ----------------------------------------------------------------------
       428         26        252          0       1704       8973   Object Totals
         0          0         16          0          0          0   (incl. Generated)
         4          0          0          0          0          0   (incl. Padding)

    ----------------------------------------------------------------------

      Code (inc. data)   RO Data    RW Data    ZI Data      Debug   Library Member Name

         8          0          0          0          0         68   __main.o
         0          0          0          0          0          0   __rtentry.o
        12          0          0          0          0          0   __rtentry2.o
         6          0          0          0          0          0   __rtentry4.o
        52          8          0          0          0          0   __scatter.o
        28          0          0          0          0          0   __scatter_zi.o
        18          0          0          0          0         80   exit.o
         6          0          0          0          0        152   heapauxi.o
         0          0          0          0          0          0   indicate_semi.o
         2          0          0          0          0          0   libinit.o
         2          0          0          0          0          0   libinit2.o
         2          0          0          0          0          0   libshutdown.o
         2          0          0          0          0          0   libshutdown2.o
         8          4          0          0         96         68   libspace.o
         2          0          0          0          0          0   rtexit.o
        10          0          0          0          0          0   rtexit2.o
        12          4          0          0          0         68   sys_exit.o
        74          0          0          0          0         80   sys_stackheap_outer.o
         2          0          0          0          0         68   use_no_semi.o

    ----------------------------------------------------------------------
       252         16          0          0         96        584   Library Totals
         6          0          0          0          0          0   (incl. Padding)

    ----------------------------------------------------------------------

      Code (inc. data)   RO Data    RW Data    ZI Data      Debug   Library Name

       246         16          0          0         96        584   c_w.l

    ----------------------------------------------------------------------
       252         16          0          0         96        584   Library Totals

    ----------------------------------------------------------------------

==============================================================================


      Code (inc. data)   RO Data    RW Data    ZI Data      Debug   

       680         42        252          0       1800       9349   Grand Totals
       680         42        252          0       1800       9349   ELF Image Totals
       680         42        252          0          0          0   ROM Totals

==============================================================================

    Total RO  Size (Code + RO Data)                  932 (   0.91kB)
    Total RW  Size (RW Data + ZI Data)              1800 (   1.76kB)
    Total ROM Size (Code + RO Data + RW Data)        932 (   0.91kB)

==============================================================================

